Component: ARM Compiler 5.06 update 7 (build 960) Tool: armlink [4d3601]

==============================================================================

Section Cross References

    startup_stm32f103xb.o(STACK) refers (Special) to heapauxi.o(.text) for __use_two_region_memory
    startup_stm32f103xb.o(HEAP) refers (Special) to heapauxi.o(.text) for __use_two_region_memory
    startup_stm32f103xb.o(RESET) refers (Special) to heapauxi.o(.text) for __use_two_region_memory
    startup_stm32f103xb.o(RESET) refers to startup_stm32f103xb.o(STACK) for __initial_sp
    startup_stm32f103xb.o(RESET) refers to startup_stm32f103xb.o(.text) for Reset_Handler
    startup_stm32f103xb.o(RESET) refers to stm32f1xx_it.o(i.NMI_Handler) for NMI_Handler
    startup_stm32f103xb.o(RESET) refers to stm32f1xx_it.o(i.HardFault_Handler) for HardFault_Handler
    startup_stm32f103xb.o(RESET) refers to stm32f1xx_it.o(i.MemManage_Handler) for MemManage_Handler
    startup_stm32f103xb.o(RESET) refers to stm32f1xx_it.o(i.BusFault_Handler) for BusFault_Handler
    startup_stm32f103xb.o(RESET) refers to stm32f1xx_it.o(i.UsageFault_Handler) for UsageFault_Handler
    startup_stm32f103xb.o(RESET) refers to port.o(.emb_text) for SVC_Handler
    startup_stm32f103xb.o(RESET) refers to stm32f1xx_it.o(i.DebugMon_Handler) for DebugMon_Handler
    startup_stm32f103xb.o(RESET) refers to port.o(i.SysTick_Handler) for SysTick_Handler
    startup_stm32f103xb.o(RESET) refers to stm32f1xx_it.o(i.TIM1_UP_IRQHandler) for TIM1_UP_IRQHandler
    startup_stm32f103xb.o(RESET) refers to stm32f1xx_it.o(i.USART2_IRQHandler) for USART2_IRQHandler
    startup_stm32f103xb.o(.text) refers (Special) to heapauxi.o(.text) for __use_two_region_memory
    startup_stm32f103xb.o(.text) refers to system_stm32f1xx.o(i.SystemInit) for SystemInit
    startup_stm32f103xb.o(.text) refers to __main.o(!!!main) for __main
    startup_stm32f103xb.o(.text) refers to startup_stm32f103xb.o(HEAP) for Heap_Mem
    startup_stm32f103xb.o(.text) refers to startup_stm32f103xb.o(STACK) for Stack_Mem
    stm32f1xx_hal.o(i.HAL_DeInit) refers to stm32f1xx_hal.o(i.HAL_MspDeInit) for HAL_MspDeInit
    stm32f1xx_hal.o(i.HAL_Delay) refers to stm32f1xx_hal.o(i.HAL_GetTick) for HAL_GetTick
    stm32f1xx_hal.o(i.HAL_Delay) refers to stm32f1xx_hal.o(.data) for .data
    stm32f1xx_hal.o(i.HAL_GetTick) refers to stm32f1xx_hal.o(.data) for .data
    stm32f1xx_hal.o(i.HAL_GetTickFreq) refers to stm32f1xx_hal.o(.data) for .data
    stm32f1xx_hal.o(i.HAL_GetTickPrio) refers to stm32f1xx_hal.o(.data) for .data
    stm32f1xx_hal.o(i.HAL_IncTick) refers to stm32f1xx_hal.o(.data) for .data
    stm32f1xx_hal.o(i.HAL_Init) refers to stm32f1xx_hal_cortex.o(i.HAL_NVIC_SetPriorityGrouping) for HAL_NVIC_SetPriorityGrouping
    stm32f1xx_hal.o(i.HAL_Init) refers to stm32f1xx_hal_timebase_tim.o(i.HAL_InitTick) for HAL_InitTick
    stm32f1xx_hal.o(i.HAL_Init) refers to stm32f1xx_hal_msp.o(i.HAL_MspInit) for HAL_MspInit
    stm32f1xx_hal.o(i.HAL_InitTick) refers to stm32f1xx_hal_cortex.o(i.HAL_SYSTICK_Config) for HAL_SYSTICK_Config
    stm32f1xx_hal.o(i.HAL_InitTick) refers to stm32f1xx_hal_cortex.o(i.HAL_NVIC_SetPriority) for HAL_NVIC_SetPriority
    stm32f1xx_hal.o(i.HAL_InitTick) refers to stm32f1xx_hal.o(.data) for .data
    stm32f1xx_hal.o(i.HAL_InitTick) refers to system_stm32f1xx.o(.data) for SystemCoreClock
    stm32f1xx_hal.o(i.HAL_SetTickFreq) refers to stm32f1xx_hal_timebase_tim.o(i.HAL_InitTick) for HAL_InitTick
    stm32f1xx_hal.o(i.HAL_SetTickFreq) refers to stm32f1xx_hal.o(.data) for .data
    stm32f1xx_hal_rcc.o(i.HAL_RCC_ClockConfig) refers to stm32f1xx_hal.o(i.HAL_GetTick) for HAL_GetTick
    stm32f1xx_hal_rcc.o(i.HAL_RCC_ClockConfig) refers to stm32f1xx_hal_rcc.o(i.HAL_RCC_GetSysClockFreq) for HAL_RCC_GetSysClockFreq
    stm32f1xx_hal_rcc.o(i.HAL_RCC_ClockConfig) refers to stm32f1xx_hal_timebase_tim.o(i.HAL_InitTick) for HAL_InitTick
    stm32f1xx_hal_rcc.o(i.HAL_RCC_ClockConfig) refers to system_stm32f1xx.o(.constdata) for AHBPrescTable
    stm32f1xx_hal_rcc.o(i.HAL_RCC_ClockConfig) refers to system_stm32f1xx.o(.data) for SystemCoreClock
    stm32f1xx_hal_rcc.o(i.HAL_RCC_ClockConfig) refers to stm32f1xx_hal.o(.data) for uwTickPrio
    stm32f1xx_hal_rcc.o(i.HAL_RCC_DeInit) refers to stm32f1xx_hal.o(i.HAL_GetTick) for HAL_GetTick
    stm32f1xx_hal_rcc.o(i.HAL_RCC_DeInit) refers to stm32f1xx_hal_timebase_tim.o(i.HAL_InitTick) for HAL_InitTick
    stm32f1xx_hal_rcc.o(i.HAL_RCC_DeInit) refers to system_stm32f1xx.o(.data) for SystemCoreClock
    stm32f1xx_hal_rcc.o(i.HAL_RCC_DeInit) refers to stm32f1xx_hal.o(.data) for uwTickPrio
    stm32f1xx_hal_rcc.o(i.HAL_RCC_GetHCLKFreq) refers to system_stm32f1xx.o(.data) for SystemCoreClock
    stm32f1xx_hal_rcc.o(i.HAL_RCC_GetPCLK1Freq) refers to system_stm32f1xx.o(.data) for SystemCoreClock
    stm32f1xx_hal_rcc.o(i.HAL_RCC_GetPCLK1Freq) refers to system_stm32f1xx.o(.constdata) for APBPrescTable
[...]
    i.MX_TIM2_Init                           0x0800191c   Section        0  tim.o(i.MX_TIM2_Init)
    i.MX_TIM3_Init                           0x080019e4   Section        0  tim.o(i.MX_TIM3_Init)
    i.MX_USART2_UART_Init                    0x08001aac   Section        0  usart.o(i.MX_USART2_UART_Init)
    i.MemManage_Handler                      0x08001ae4   Section        0  stm32f1xx_it.o(i.MemManage_Handler)
    i.Motor_Init                             0x08001ae8   Section        0  motor.o(i.Motor_Init)
    i.Motor_SetSpeed                         0x08001b14   Section        0  motor.o(i.Motor_SetSpeed)
    i.NMI_Handler                            0x08001bc4   Section        0  stm32f1xx_it.o(i.NMI_Handler)
    i.ServoCtrl                              0x08001bc8   Section        0  servo.o(i.ServoCtrl)
    i.Servo_Init                             0x08001c20   Section        0  servo.o(i.Servo_Init)
    i.SysTick_Handler                        0x08001c4c   Section        0  port.o(i.SysTick_Handler)
    i.SystemClock_Config                     0x08001c78   Section        0  main.o(i.SystemClock_Config)
    i.SystemInit                             0x08001cd6   Section        0  system_stm32f1xx.o(i.SystemInit)
    i.TIM1_UP_IRQHandler                     0x08001cd8   Section        0  stm32f1xx_it.o(i.TIM1_UP_IRQHandler)
    i.TIM_Base_SetConfig                     0x08001ce4   Section        0  stm32f1xx_hal_tim.o(i.TIM_Base_SetConfig)
    i.TIM_CCxChannelCmd                      0x08001d50   Section        0  stm32f1xx_hal_tim.o(i.TIM_CCxChannelCmd)
    i.TIM_ETR_SetConfig                      0x08001d6a   Section        0  stm32f1xx_hal_tim.o(i.TIM_ETR_SetConfig)
    i.TIM_ITRx_SetConfig                     0x08001d7e   Section        0  stm32f1xx_hal_tim.o(i.TIM_ITRx_SetConfig)
    TIM_ITRx_SetConfig                       0x08001d7f   Thumb Code    16  stm32f1xx_hal_tim.o(i.TIM_ITRx_SetConfig)
    i.TIM_OC1_SetConfig                      0x08001d90   Section        0  stm32f1xx_hal_tim.o(i.TIM_OC1_SetConfig)
    TIM_OC1_SetConfig                        0x08001d91   Thumb Code    74  stm32f1xx_hal_tim.o(i.TIM_OC1_SetConfig)
    i.TIM_OC2_SetConfig                      0x08001de0   Section        0  stm32f1xx_hal_tim.o(i.TIM_OC2_SetConfig)
    i.TIM_OC3_SetConfig                      0x08001e38   Section        0  stm32f1xx_hal_tim.o(i.TIM_OC3_SetConfig)
    TIM_OC3_SetConfig                        0x08001e39   Thumb Code    82  stm32f1xx_hal_tim.o(i.TIM_OC3_SetConfig)
    i.TIM_OC4_SetConfig                      0x08001e90   Section        0  stm32f1xx_hal_tim.o(i.TIM_OC4_SetConfig)
    TIM_OC4_SetConfig                        0x08001e91   Thumb Code    64  stm32f1xx_hal_tim.o(i.TIM_OC4_SetConfig)
    i.TIM_TI1_ConfigInputStage               0x08001ed4   Section        0  stm32f1xx_hal_tim.o(i.TIM_TI1_ConfigInputStage)
    TIM_TI1_ConfigInputStage                 0x08001ed5   Thumb Code    34  stm32f1xx_hal_tim.o(i.TIM_TI1_ConfigInputStage)
    i.TIM_TI2_ConfigInputStage               0x08001ef6   Section        0  stm32f1xx_hal_tim.o(i.TIM_TI2_ConfigInputStage)
    TIM_TI2_ConfigInputStage                 0x08001ef7   Thumb Code    36  stm32f1xx_hal_tim.o(i.TIM_TI2_ConfigInputStage)
    i.UART_DMAAbortOnError                   0x08001f1a   Section        0  stm32f1xx_hal_uart.o(i.UART_DMAAbortOnError)
    UART_DMAAbortOnError                     0x08001f1b   Thumb Code    16  stm32f1xx_hal_uart.o(i.UART_DMAAbortOnError)
    i.UART_EndRxTransfer                     0x08001f2a   Section        0  stm32f1xx_hal_uart.o(i.UART_EndRxTransfer)
    UART_EndRxTransfer                       0x08001f2b   Thumb Code    78  stm32f1xx_hal_uart.o(i.UART_EndRxTransfer)
    i.UART_Receive_IT                        0x08001f78   Section        0  stm32f1xx_hal_uart.o(i.UART_Receive_IT)
    UART_Receive_IT                          0x08001f79   Thumb Code   194  stm32f1xx_hal_uart.o(i.UART_Receive_IT)
    i.UART_SetConfig                         0x0800203c   Section        0  stm32f1xx_hal_uart.o(i.UART_SetConfig)
    UART_SetConfig                           0x0800203d   Thumb Code   178  stm32f1xx_hal_uart.o(i.UART_SetConfig)
    i.UART_Start_Receive_IT                  0x080020f4   Section        0  stm32f1xx_hal_uart.o(i.UART_Start_Receive_IT)
    i.USART2_IRQHandler                      0x0800212c   Section        0  stm32f1xx_it.o(i.USART2_IRQHandler)
    i.UsageFault_Handler                     0x08002138   Section        0  stm32f1xx_it.o(i.UsageFault_Handler)
    i.__NVIC_SetPriority                     0x0800213a   Section        0  stm32f1xx_hal_cortex.o(i.__NVIC_SetPriority)
    __NVIC_SetPriority                       0x0800213b   Thumb Code    32  stm32f1xx_hal_cortex.o(i.__NVIC_SetPriority)
    i.chassis_move_init                      0x0800215c   Section        0  chassis_move.o(i.chassis_move_init)
    i.chassis_set_speed                      0x08002170   Section        0  chassis_move.o(i.chassis_set_speed)
    i.control_tack                           0x080021b4   Section        0  control.o(i.control_tack)
    i.main                                   0x08002208   Section        0  main.o(i.main)
    i.osDelay                                0x08002250   Section        0  cmsis_os2.o(i.osDelay)
    i.osKernelInitialize                     0x08002284   Section        0  cmsis_os2.o(i.osKernelInitialize)
    i.osKernelStart                          0x080022bc   Section        0  cmsis_os2.o(i.osKernelStart)
    i.osThreadNew                            0x080022fc   Section        0  cmsis_os2.o(i.osThreadNew)
    i.prvAddCurrentTaskToDelayedList         0x080023a0   Section        0  tasks.o(i.prvAddCurrentTaskToDelayedList)
    prvAddCurrentTaskToDelayedList           0x080023a1   Thumb Code    84  tasks.o(i.prvAddCurrentTaskToDelayedList)
    i.prvAddNewTaskToReadyList               0x080023fc   Section        0  tasks.o(i.prvAddNewTaskToReadyList)
    prvAddNewTaskToReadyList                 0x080023fd   Thumb Code   190  tasks.o(i.prvAddNewTaskToReadyList)
    i.prvCheckForValidListAndQueue           0x080024cc   Section        0  timers.o(i.prvCheckForValidListAndQueue)
    prvCheckForValidListAndQueue             0x080024cd   Thumb Code    72  timers.o(i.prvCheckForValidListAndQueue)
    i.prvCopyDataFromQueue                   0x08002524   Section        0  queue.o(i.prvCopyDataFromQueue)
    prvCopyDataFromQueue                     0x08002525   Thumb Code    38  queue.o(i.prvCopyDataFromQueue)
    i.prvCopyDataToQueue                     0x0800254a   Section        0  queue.o(i.prvCopyDataToQueue)
    prvCopyDataToQueue                       0x0800254b   Thumb Code   108  queue.o(i.prvCopyDataToQueue)
    i.prvDeleteTCB                           0x080025b6   Section        0  tasks.o(i.prvDeleteTCB)
    prvDeleteTCB                             0x080025b7   Thumb Code    52  tasks.o(i.prvDeleteTCB)
    i.prvHeapInit                            0x080025ec   Section        0  heap_4.o(i.prvHeapInit)
    prvHeapInit                              0x080025ed   Thumb Code    66  heap_4.o(i.prvHeapInit)
    i.prvIdleTask                            0x08002638   Section        0  tasks.o(i.prvIdleTask)
    prvIdleTask                              0x08002639   Thumb Code    82  tasks.o(i.prvIdleTask)
    i.prvInitialiseNewQueue                  0x08002698   Section        0  queue.o(i.prvInitialiseNewQueue)
    prvInitialiseNewQueue                    0x08002699   Thumb Code    34  queue.o(i.prvInitialiseNewQueue)
    i.prvInitialiseNewTask                   0x080026ba   Section        0  tasks.o(i.prvInitialiseNewTask)
    prvInitialiseNewTask                     0x080026bb   Thumb Code   156  tasks.o(i.prvInitialiseNewTask)
    i.prvInsertBlockIntoFreeList             0x08002758   Section        0  heap_4.o(i.prvInsertBlockIntoFreeList)
    prvInsertBlockIntoFreeList               0x08002759   Thumb Code    72  heap_4.o(i.prvInsertBlockIntoFreeList)
    i.prvInsertTimerInActiveList             0x080027a4   Section        0  timers.o(i.prvInsertTimerInActiveList)
    prvInsertTimerInActiveList               0x080027a5   Thumb Code    52  timers.o(i.prvInsertTimerInActiveList)
    i.prvIsQueueEmpty                        0x080027dc   Section        0  queue.o(i.prvIsQueueEmpty)
    prvIsQueueEmpty                          0x080027dd   Thumb Code    28  queue.o(i.prvIsQueueEmpty)
    i.prvProcessReceivedCommands             0x080027f8   Section        0  timers.o(i.prvProcessReceivedCommands)
    prvProcessReceivedCommands               0x080027f9   Thumb Code   198  timers.o(i.prvProcessReceivedCommands)
    i.prvProcessTimerOrBlockTask             0x080028c4   Section        0  timers.o(i.prvProcessTimerOrBlockTask)
    prvProcessTimerOrBlockTask               0x080028c5   Thumb Code   172  timers.o(i.prvProcessTimerOrBlockTask)
    i.prvResetNextTaskUnblockTime            0x08002978   Section        0  tasks.o(i.prvResetNextTaskUnblockTime)
    prvResetNextTaskUnblockTime              0x08002979   Thumb Code    26  tasks.o(i.prvResetNextTaskUnblockTime)
    i.prvSampleTimeNow                       0x08002998   Section        0  timers.o(i.prvSampleTimeNow)
    prvSampleTimeNow                         0x08002999   Thumb Code    36  timers.o(i.prvSampleTimeNow)
    i.prvSwitchTimerLists                    0x080029c0   Section        0  timers.o(i.prvSwitchTimerLists)
    prvSwitchTimerLists                      0x080029c1   Thumb Code   102  timers.o(i.prvSwitchTimerLists)
    i.prvTaskExitError                       0x08002a2c   Section        0  port.o(i.prvTaskExitError)
    prvTaskExitError                         0x08002a2d   Thumb Code    36  port.o(i.prvTaskExitError)
    i.prvTimerTask                           0x08002a54   Section        0  timers.o(i.prvTimerTask)
    prvTimerTask                             0x08002a55   Thumb Code    32  timers.o(i.prvTimerTask)
    i.prvUnlockQueue                         0x08002a78   Section        0  queue.o(i.prvUnlockQueue)
    prvUnlockQueue                           0x08002a79   Thumb Code   106  queue.o(i.prvUnlockQueue)
    i.pvPortMalloc                           0x08002ae4   Section        0  heap_4.o(i.pvPortMalloc)
    i.pxPortInitialiseStack                  0x08002bbc   Section        0  port.o(i.pxPortInitialiseStack)
    i.robot_arm_set                          0x08002be0   Section        0  robot_arm.o(i.robot_arm_set)
    i.uxListRemove                           0x08002c28   Section        0  list.o(i.uxListRemove)
    i.vApplicationGetIdleTaskMemory          0x08002c50   Section        0  cmsis_os2.o(i.vApplicationGetIdleTaskMemory)
    i.vApplicationGetTimerTaskMemory         0x08002c64   Section        0  cmsis_os2.o(i.vApplicationGetTimerTaskMemory)
    i.vListInitialise                        0x08002c7c   Section        0  list.o(i.vListInitialise)
    i.vListInitialiseItem                    0x08002c92   Section        0  list.o(i.vListInitialiseItem)
    i.vListInsert                            0x08002c98   Section        0  list.o(i.vListInsert)
    i.vListInsertEnd                         0x08002cc8   Section        0  list.o(i.vListInsertEnd)
    i.vPortEnterCritical                     0x08002ce0   Section        0  port.o(i.vPortEnterCritical)
    i.vPortExitCritical                      0x08002d20   Section        0  port.o(i.vPortExitCritical)
    i.vPortFree                              0x08002d48   Section        0  heap_4.o(i.vPortFree)
    i.vPortSetupTimerInterrupt               0x08002da4   Section        0  port.o(i.vPortSetupTimerInterrupt)
    i.vPortValidateInterruptPriority         0x08002dc8   Section        0  port.o(i.vPortValidateInterruptPriority)
    i.vQueueAddToRegistry                    0x08002e1c   Section        0  queue.o(i.vQueueAddToRegistry)
    i.vQueueWaitForMessageRestricted         0x08002e44   Section        0  queue.o(i.vQueueWaitForMessageRestricted)
    i.vTaskDelay                             0x08002e88   Section        0  tasks.o(i.vTaskDelay)
    i.vTaskInternalSetTimeOutState           0x08002ed4   Section        0  tasks.o(i.vTaskInternalSetTimeOutState)
    i.vTaskMissedYield                       0x08002ee4   Section        0  tasks.o(i.vTaskMissedYield)
    i.vTaskPlaceOnEventList                  0x08002ef0   Section        0  tasks.o(i.vTaskPlaceOnEventList)
    i.vTaskPlaceOnEventListRestricted        0x08002f20   Section        0  tasks.o(i.vTaskPlaceOnEventListRestricted)
    i.vTaskStartScheduler                    0x08002f58   Section        0  tasks.o(i.vTaskStartScheduler)
    i.vTaskSuspendAll                        0x08002fe0   Section        0  tasks.o(i.vTaskSuspendAll)
    i.vTaskSwitchContext                     0x08002ff0   Section        0  tasks.o(i.vTaskSwitchContext)
    i.xPortStartScheduler                    0x08003054   Section        0  port.o(i.xPortStartScheduler)
    i.xQueueGenericCreateStatic              0x080030fc   Section        0  queue.o(i.xQueueGenericCreateStatic)
    i.xQueueGenericReset                     0x08003164   Section        0  queue.o(i.xQueueGenericReset)
    i.xQueueGenericSend                      0x080031ec   Section        0  queue.o(i.xQueueGenericSend)
    i.xQueueGenericSendFromISR               0x0800334c   Section        0  queue.o(i.xQueueGenericSendFromISR)
    i.xQueueReceive                          0x08003408   Section        0  queue.o(i.xQueueReceive)
    i.xTaskCheckForTimeOut                   0x08003540   Section        0  tasks.o(i.xTaskCheckForTimeOut)
    i.xTaskCreate                            0x080035b4   Section        0  tasks.o(i.xTaskCreate)
    i.xTaskCreateStatic                      0x0800360e   Section        0  tasks.o(i.xTaskCreateStatic)
    i.xTaskGetSchedulerState                 0x08003664   Section        0  tasks.o(i.xTaskGetSchedulerState)
    i.xTaskGetTickCount                      0x08003680   Section        0  tasks.o(i.xTaskGetTickCount)
    i.xTaskIncrementTick                     0x0800368c   Section        0  tasks.o(i.xTaskIncrementTick)
    i.xTaskPriorityDisinherit                0x08003754   Section        0  tasks.o(i.xTaskPriorityDisinherit)
    i.xTaskRemoveFromEventList               0x080037d4   Section        0  tasks.o(i.xTaskRemoveFromEventList)
    i.xTaskResumeAll                         0x08003844   Section        0  tasks.o(i.xTaskResumeAll)
    i.xTimerCreateTimerTask                  0x08003908   Section        0  timers.o(i.xTimerCreateTimerTask)
    i.xTimerGenericCommand                   0x08003968   Section        0  timers.o(i.xTimerGenericCommand)
    x$fpl$fadd                               0x080039d0   Section      196  faddsub_clz.o(x$fpl$fadd)
    _fadd1                                   0x080039df   Thumb Code     0  faddsub_clz.o(x$fpl$fadd)
    x$fpl$fdiv                               0x08003a94   Section      388  fdiv.o(x$fpl$fdiv)
    _fdiv1                                   0x08003a95   Thumb Code     0  fdiv.o(x$fpl$fdiv)
    x$fpl$ffix                               0x08003c18   Section       54  ffix.o(x$fpl$ffix)
    x$fpl$ffixu                              0x08003c50   Section       62  ffixu.o(x$fpl$ffixu)
    x$fpl$fflt                               0x08003c90   Section       48  fflt_clz.o(x$fpl$fflt)
    x$fpl$ffltu                              0x08003cc0   Section       38  fflt_clz.o(x$fpl$ffltu)
    x$fpl$fmul                               0x08003ce8   Section      258  fmul.o(x$fpl$fmul)
    x$fpl$fnaninf                            0x08003dea   Section      140  fnaninf.o(x$fpl$fnaninf)
    x$fpl$fretinf                            0x08003e76   Section       10  fretinf.o(x$fpl$fretinf)
    x$fpl$fsub                               0x08003e80   Section      234  faddsub_clz.o(x$fpl$fsub)
    _fsub1                                   0x08003e8f   Thumb Code     0  faddsub_clz.o(x$fpl$fsub)
    .constdata                               0x08003f6a   Section       18  stm32f1xx_hal_rcc.o(.constdata)
    x$fpl$usenofp                            0x08003f6a   Section        0  usenofp.o(x$fpl$usenofp)
    aPredivFactorTable                       0x08003f6a   Data           2  stm32f1xx_hal_rcc.o(.constdata)
    aPLLMULFactorTable                       0x08003f6c   Data          16  stm32f1xx_hal_rcc.o(.constdata)
    .constdata                               0x08003f7c   Section       16  system_stm32f1xx.o(.constdata)
    .constdata                               0x08003f8c   Section        8  system_stm32f1xx.o(.constdata)
    .constdata                               0x08003f94   Section      108  freertos.o(.constdata)
    .conststring                             0x08004000   Section       40  freertos.o(.conststring)
    .data                                    0x20000000   Section       12  stm32f1xx_hal.o(.data)
    .data                                    0x2000000c   Section        4  system_stm32f1xx.o(.data)
    .data                                    0x20000010   Section       12  freertos.o(.data)
    .data                                    0x2000001c   Section       60  tasks.o(.data)
    pxDelayedTaskList                        0x20000020   Data           4  tasks.o(.data)
    pxOverflowDelayedTaskList                0x20000024   Data           4  tasks.o(.data)
    uxDeletedTasksWaitingCleanUp             0x20000028   Data           4  tasks.o(.data)
    uxCurrentNumberOfTasks                   0x2000002c   Data           4  tasks.o(.data)
    xTickCount                               0x20000030   Data           4  tasks.o(.data)
    uxTopReadyPriority                       0x20000034   Data           4  tasks.o(.data)
    xSchedulerRunning                        0x20000038   Data           4  tasks.o(.data)
    uxPendedTicks                            0x2000003c   Data           4  tasks.o(.data)
    xYieldPending                            0x20000040   Data           4  tasks.o(.data)
    xNumOfOverflows                          0x20000044   Data           4  tasks.o(.data)
    uxTaskNumber                             0x20000048   Data           4  tasks.o(.data)
    xNextTaskUnblockTime                     0x2000004c   Data           4  tasks.o(.data)
    xIdleTaskHandle                          0x20000050   Data           4  tasks.o(.data)
    uxSchedulerSuspended                     0x20000054   Data           4  tasks.o(.data)
    .data                                    0x20000058   Section       20  timers.o(.data)
    pxCurrentTimerList                       0x20000058   Data           4  timers.o(.data)
    pxOverflowTimerList                      0x2000005c   Data           4  timers.o(.data)
    xTimerQueue                              0x20000060   Data           4  timers.o(.data)
    xTimerTaskHandle                         0x20000064   Data           4  timers.o(.data)
    xLastTime                                0x20000068   Data           4  timers.o(.data)
    .data                                    0x2000006c   Section        4  cmsis_os2.o(.data)
    KernelState                              0x2000006c   Data           4  cmsis_os2.o(.data)
    .data                                    0x20000070   Section       24  heap_4.o(.data)
    pxEnd                                    0x20000070   Data           4  heap_4.o(.data)
    xFreeBytesRemaining                      0x20000074   Data           4  heap_4.o(.data)
    xMinimumEverFreeBytesRemaining           0x20000078   Data           4  heap_4.o(.data)
    xBlockAllocatedBit                       0x2000007c   Data           4  heap_4.o(.data)
    xStart                                   0x20000080   Data           8  heap_4.o(.data)
    .data                                    0x20000088   Section       12  port.o(.data)
    ucMaxSysCallPriority                     0x20000088   Data           1  port.o(.data)
    uxCriticalNesting                        0x2000008c   Data           4  port.o(.data)
    ulMaxPRIGROUPValue                       0x20000090   Data           4  port.o(.data)
    .data                                    0x20000094   Section        4  bluetooth.o(.data)
    .bss                                     0x20000098   Section      144  tim.o(.bss)
    .bss                                     0x20000128   Section       72  usart.o(.bss)
    .bss                                     0x20000170   Section       72  stm32f1xx_hal_timebase_tim.o(.bss)
    .bss                                     0x200001b8   Section       64  queue.o(.bss)
    .bss                                     0x200001f8   Section     1220  tasks.o(.bss)
    pxReadyTasksLists                        0x200001f8   Data        1120  tasks.o(.bss)
    xDelayedTaskList1                        0x20000658   Data          20  tasks.o(.bss)
    xDelayedTaskList2                        0x2000066c   Data          20  tasks.o(.bss)
    xPendingReadyList                        0x20000680   Data          20  tasks.o(.bss)
    xTasksWaitingTermination                 0x20000694   Data          20  tasks.o(.bss)
    xSuspendedTaskList                       0x200006a8   Data          20  tasks.o(.bss)
    .bss                                     0x200006bc   Section      280  timers.o(.bss)
    xActiveTimerList1                        0x200006bc   Data          20  timers.o(.bss)
    xActiveTimerList2                        0x200006d0   Data          20  timers.o(.bss)
    xStaticTimerQueue                        0x200006e4   Data          80  timers.o(.bss)
    ucStaticTimerQueueStorage                0x20000734   Data         160  timers.o(.bss)
    .bss                                     0x200007d4   Section     1720  cmsis_os2.o(.bss)
    Idle_TCB                                 0x200007d4   Data          92  cmsis_os2.o(.bss)
    Idle_Stack                               0x20000830   Data         512  cmsis_os2.o(.bss)
    Timer_TCB                                0x20000a30   Data          92  cmsis_os2.o(.bss)
    Timer_Stack                              0x20000a8c   Data        1024  cmsis_os2.o(.bss)
    .bss                                     0x20000e8c   Section     3072  heap_4.o(.bss)
    ucHeap                                   0x20000e8c   Data        3072  heap_4.o(.bss)
    .bss                                     0x20001a8c   Section      200  bluetooth.o(.bss)
    .bss                                     0x20001b54   Section       56  global.o(.bss)
    .bss                                     0x20001b8c   Section       96  libspace.o(.bss)
    HEAP                                     0x20001bf0   Section      512  startup_stm32f103xb.o(HEAP)
    Heap_Mem                                 0x20001bf0   Data         512  startup_stm32f103xb.o(HEAP)
    STACK                                    0x20001df0   Section     1024  startup_stm32f103xb.o(STACK)
    Stack_Mem                                0x20001df0   Data        1024  startup_stm32f103xb.o(STACK)
    __initial_sp                             0x200021f0   Data           0  startup_stm32f103xb.o(STACK)

    Global Symbols

    Symbol Name                              Value     Ov Type        Size  Object(Section)

    BuildAttributes$$THM_ISAv4$P$D$K$B$S$PE$A:L22UL41UL21$X:L11$S22US41US21$IEEE1$IW$USESV6$~STKCKD$USESV7$~SHL$OSPACE$ROPI$EBA8$UX$STANDARDLIB$REQ8$PRES8$EABIv2 0x00000000   Number         0  anon$$obj.o ABSOLUTE
    __ARM_use_no_argv                        0x00000000   Number         0  main.o ABSOLUTE
    __ARM_exceptions_init                     - Undefined Weak Reference
    __alloca_initialize                       - Undefined Weak Reference
    __arm_fini_                               - Undefined Weak Reference
    __arm_preinit_                            - Undefined Weak Reference
    __cpp_initialize__aeabi_                  - Undefined Weak Reference
    __cxa_finalize                            - Undefined Weak Reference
    __rt_locale                               - Undefined Weak Reference
    __sigvec_lookup                           - Undefined Weak Reference
    _atexit_init                              - Undefined Weak Reference
    _call_atexit_fns                          - Undefined Weak Reference
    _clock_init                               - Undefined Weak Reference
    _fp_trap_init                             - Undefined Weak Reference
    _fp_trap_shutdown                         - Undefined Weak Reference
    _get_lc_collate                           - Undefined Weak Reference
    _get_lc_ctype                             - Undefined Weak Reference
    _get_lc_monetary                          - Undefined Weak Reference
    _get_lc_numeric                           - Undefined Weak Reference
    _get_lc_time                              - Undefined Weak Reference
    _getenv_init                              - Undefined Weak Reference
    _handle_redirection                       - Undefined Weak Reference
    _init_alloc                               - Undefined Weak Reference
    _init_user_alloc                          - Undefined Weak Reference
    _initio                                   - Undefined Weak Reference
    _rand_init                                - Undefined Weak Reference
    _signal_finish                            - Undefined Weak Reference
    _signal_init                              - Undefined Weak Reference
    _terminate_alloc                          - Undefined Weak Reference
    _terminate_user_alloc                     - Undefined Weak Reference
    _terminateio                              - Undefined Weak Reference
    __Vectors_Size                           0x000000ec   Number         0  startup_stm32f103xb.o ABSOLUTE
    __Vectors                                0x08000000   Data           4  startup_stm32f103xb.o(RESET)
    __Vectors_End                            0x080000ec   Data           0  startup_stm32f103xb.o(RESET)
    __main                                   0x080000ed   Thumb Code     8  __main.o(!!!main)
    __scatterload                            0x080000f5   Thumb Code     0  __scatter.o(!!!scatter)
    __scatterload_rt2                        0x080000f5   Thumb Code    44  __scatter.o(!!!scatter)
    __scatterload_rt2_thumb_only             0x080000f5   Thumb Code     0  __scatter.o(!!!scatter)
    __scatterload_null                       0x08000103   Thumb Code     0  __scatter.o(!!!scatter)
    __scatterload_copy                       0x08000129   Thumb Code    26  __scatter_copy.o(!!handler_copy)
    __scatterload_zeroinit                   0x08000145   Thumb Code    28  __scatter_zi.o(!!handler_zi)
    __rt_lib_init                            0x08000161   Thumb Code     0  libinit.o(.ARM.Collect$$libinit$$00000000)
    __rt_lib_init_alloca_1                   0x08000163   Thumb Code     0  libinit2.o(.ARM.Collect$$libinit$$0000002E)
    __rt_lib_init_argv_1                     0x08000163   Thumb Code     0  libinit2.o(.ARM.Collect$$libinit$$0000002C)
    __rt_lib_init_atexit_1                   0x08000163   Thumb Code     0  libinit2.o(.ARM.Collect$$libinit$$0000001B)
    __rt_lib_init_clock_1                    0x08000163   Thumb Code     0  libinit2.o(.ARM.Collect$$libinit$$00000021)
    __rt_lib_init_cpp_1                      0x08000163   Thumb Code     0  libinit2.o(.ARM.Collect$$libinit$$00000032)
    __rt_lib_init_exceptions_1               0x08000163   Thumb Code     0  libinit2.o(.ARM.Collect$$libinit$$00000030)
    __rt_lib_init_fp_1                       0x08000163   Thumb Code     0  libinit2.o(.ARM.Collect$$libinit$$00000002)
    __rt_lib_init_fp_trap_1                  0x08000163   Thumb Code     0  libinit2.o(.ARM.Collect$$libinit$$0000001F)
    __rt_lib_init_getenv_1                   0x08000163   Thumb Code     0  libinit2.o(.ARM.Collect$$libinit$$00000023)
    __rt_lib_init_heap_1                     0x08000163   Thumb Code     0  libinit2.o(.ARM.Collect$$libinit$$0000000A)
    __rt_lib_init_lc_collate_1               0x08000163   Thumb Code     0  libinit2.o(.ARM.Collect$$libinit$$00000011)
    __rt_lib_init_lc_ctype_1                 0x08000163   Thumb Code     0  libinit2.o(.ARM.Collect$$libinit$$00000013)
    __rt_lib_init_lc_monetary_1              0x08000163   Thumb Code     0  libinit2.o(.ARM.Collect$$libinit$$00000015)
    __rt_lib_init_lc_numeric_1               0x08000163   Thumb Code     0  libinit2.o(.ARM.Collect$$libinit$$00000017)
    __rt_lib_init_lc_time_1                  0x08000163   Thumb Code     0  libinit2.o(.ARM.Collect$$libinit$$00000019)
    __rt_lib_init_preinit_1                  0x08000163   Thumb Code     0  libinit2.o(.ARM.Collect$$libinit$$00000004)
    __rt_lib_init_rand_1                     0x08000163   Thumb Code     0  libinit2.o(.ARM.Collect$$libinit$$0000000E)
    __rt_lib_init_return                     0x08000163   Thumb Code     0  libinit2.o(.ARM.Collect$$libinit$$00000033)
    __rt_lib_init_signal_1                   0x08000163   Thumb Code     0  libinit2.o(.ARM.Collect$$libinit$$0000001D)
    __rt_lib_init_stdio_1                    0x08000163   Thumb Code     0  libinit2.o(.ARM.Collect$$libinit$$00000025)
    __rt_lib_init_user_alloc_1               0x08000163   Thumb Code     0  libinit2.o(.ARM.Collect$$libinit$$0000000C)
    __rt_lib_shutdown                        0x08000165   Thumb Code     0  libshutdown.o(.ARM.Collect$$libshutdown$$00000000)
    __rt_lib_shutdown_cpp_1                  0x08000167   Thumb Code     0  libshutdown2.o(.ARM.Collect$$libshutdown$$00000004)
    __rt_lib_shutdown_fini_1                 0x08000167   Thumb Code     0  libshutdown2.o(.ARM.Collect$$libshutdown$$00000002)
    __rt_lib_shutdown_fp_trap_1              0x08000167   Thumb Code     0  libshutdown2.o(.ARM.Collect$$libshutdown$$00000009)
    __rt_lib_shutdown_heap_1                 0x08000167   Thumb Code     0  libshutdown2.o(.ARM.Collect$$libshutdown$$00000011)
    __rt_lib_shutdown_return                 0x08000167   Thumb Code     0  libshutdown2.o(.ARM.Collect$$libshutdown$$00000012)
    __rt_lib_shutdown_signal_1               0x08000167   Thumb Code     0  libshutdown2.o(.ARM.Collect$$libshutdown$$0000000C)
    __rt_lib_shutdown_stdio_1                0x08000167   Thumb Code     0  libshutdown2.o(.ARM.Collect$$libshutdown$$00000006)
    __rt_lib_shutdown_user_alloc_1           0x08000167   Thumb Code     0  libshutdown2.o(.ARM.Collect$$libshutdown$$0000000E)
    __rt_entry                               0x08000169   Thumb Code     0  __rtentry.o(.ARM.Collect$$rtentry$$00000000)
    __rt_entry_presh_1                       0x08000169   Thumb Code     0  __rtentry2.o(.ARM.Collect$$rtentry$$00000002)
    __rt_entry_sh                            0x08000169   Thumb Code     0  __rtentry4.o(.ARM.Collect$$rtentry$$00000004)
    __rt_entry_li                            0x0800016f   Thumb Code     0  __rtentry2.o(.ARM.Collect$$rtentry$$0000000A)
    __rt_entry_postsh_1                      0x0800016f   Thumb Code     0  __rtentry2.o(.ARM.Collect$$rtentry$$00000009)
    __rt_entry_main                          0x08000173   Thumb Code     0  __rtentry2.o(.ARM.Collect$$rtentry$$0000000D)
    __rt_entry_postli_1                      0x08000173   Thumb Code     0  __rtentry2.o(.ARM.Collect$$rtentry$$0000000C)
    __rt_exit                                0x0800017b   Thumb Code     0  rtexit.o(.ARM.Collect$$rtexit$$00000000)
    __rt_exit_ls                             0x0800017d   Thumb Code     0  rtexit2.o(.ARM.Collect$$rtexit$$00000003)
    __rt_exit_prels_1                        0x0800017d   Thumb Code     0  rtexit2.o(.ARM.Collect$$rtexit$$00000002)
    __rt_exit_exit                           0x08000181   Thumb Code     0  rtexit2.o(.ARM.Collect$$rtexit$$00000004)
    SVC_Handler                              0x08000189   Thumb Code    32  port.o(.emb_text)
    __asm___6_port_c_39a90d8d__prvStartFirstTask 0x080001ad   Thumb Code    28  port.o(.emb_text)
    PendSV_Handler                           0x080001cd   Thumb Code    72  port.o(.emb_text)
    vPortGetIPSR                             0x08000219   Thumb Code     6  port.o(.emb_text)
    Reset_Handler                            0x08000221   Thumb Code     8  startup_stm32f103xb.o(.text)
    ADC1_2_IRQHandler                        0x0800023b   Thumb Code     0  startup_stm32f103xb.o(.text)
    CAN1_RX1_IRQHandler                      0x0800023b   Thumb Code     0  startup_stm32f103xb.o(.text)
    CAN1_SCE_IRQHandler                      0x0800023b   Thumb Code     0  startup_stm32f103xb.o(.text)
    DMA1_Channel1_IRQHandler                 0x0800023b   Thumb Code     0  startup_stm32f103xb.o(.text)
    DMA1_Channel2_IRQHandler                 0x0800023b   Thumb Code     0  startup_stm32f103xb.o(.text)
    DMA1_Channel3_IRQHandler                 0x0800023b   Thumb Code     0  startup_stm32f103xb.o(.text)
    DMA1_Channel4_IRQHandler                 0x0800023b   Thumb Code     0  startup_stm32f103xb.o(.text)
    DMA1_Channel5_IRQHandler                 0x0800023b   Thumb Code     0  startup_stm32f103xb.o(.text)
    DMA1_Channel6_IRQHandler                 0x0800023b   Thumb Code     0  startup_stm32f103xb.o(.text)
    DMA1_Channel7_IRQHandler                 0x0800023b   Thumb Code     0  startup_stm32f103xb.o(.text)
    EXTI0_IRQHandler                         0x0800023b   Thumb Code     0  startup_stm32f103xb.o(.text)
    EXTI15_10_IRQHandler                     0x0800023b   Thumb Code     0  startup_stm32f103xb.o(.text)
    EXTI1_IRQHandler                         0x0800023b   Thumb Code     0  startup_stm32f103xb.o(.text)
    EXTI2_IRQHandler                         0x0800023b   Thumb Code     0  startup_stm32f103xb.o(.text)
    EXTI3_IRQHandler                         0x0800023b   Thumb Code     0  startup_stm32f103xb.o(.text)
    EXTI4_IRQHandler                         0x0800023b   Thumb Code     0  startup_stm32f103xb.o(.text)
    EXTI9_5_IRQHandler                       0x0800023b   Thumb Code     0  startup_stm32f103xb.o(.text)
    FLASH_IRQHandler                         0x0800023b   Thumb Code     0  startup_stm32f103xb.o(.text)
    I2C1_ER_IRQHandler                       0x0800023b   Thumb Code     0  startup_stm32f103xb.o(.text)
    I2C1_EV_IRQHandler                       0x0800023b   Thumb Code     0  startup_stm32f103xb.o(.text)
    I2C2_ER_IRQHandler                       0x0800023b   Thumb Code     0  startup_stm32f103xb.o(.text)
    I2C2_EV_IRQHandler                       0x0800023b   Thumb Code     0  startup_stm32f103xb.o(.text)
    PVD_IRQHandler                           0x0800023b   Thumb Code     0  startup_stm32f103xb.o(.text)
    RCC_IRQHandler                           0x0800023b   Thumb Code     0  startup_stm32f103xb.o(.text)
    RTC_Alarm_IRQHandler                     0x0800023b   Thumb Code     0  startup_stm32f103xb.o(.text)
    RTC_IRQHandler                           0x0800023b   Thumb Code     0  startup_stm32f103xb.o(.text)
    SPI1_IRQHandler                          0x0800023b   Thumb Code     0  startup_stm32f103xb.o(.text)
    SPI2_IRQHandler                          0x0800023b   Thumb Code     0  startup_stm32f103xb.o(.text)
    TAMPER_IRQHandler                        0x0800023b   Thumb Code     0  startup_stm32f103xb.o(.text)
    TIM1_BRK_IRQHandler                      0x0800023b   Thumb Code     0  startup_stm32f103xb.o(.text)
    TIM1_CC_IRQHandler                       0x0800023b   Thumb Code     0  startup_stm32f103xb.o(.text)
    TIM1_TRG_COM_IRQHandler                  0x0800023b   Thumb Code     0  startup_stm32f103xb.o(.text)
    TIM2_IRQHandler                          0x0800023b   Thumb Code     0  startup_stm32f103xb.o(.text)
    TIM3_IRQHandler                          0x0800023b   Thumb Code     0  startup_stm32f103xb.o(.text)
    TIM4_IRQHandler                          0x0800023b   Thumb Code     0  startup_stm32f103xb.o(.text)
    USART1_IRQHandler                        0x0800023b   Thumb Code     0  startup_stm32f103xb.o(.text)
    USART3_IRQHandler                        0x0800023b   Thumb Code     0  startup_stm32f103xb.o(.text)
    USBWakeUp_IRQHandler                     0x0800023b   Thumb Code     0  startup_stm32f103xb.o(.text)
    USB_HP_CAN1_TX_IRQHandler                0x0800023b   Thumb Code     0  startup_stm32f103xb.o(.text)
    USB_LP_CAN1_RX0_IRQHandler               0x0800023b   Thumb Code     0  startup_stm32f103xb.o(.text)
    WWDG_IRQHandler                          0x0800023b   Thumb Code     0  startup_stm32f103xb.o(.text)
    __user_initial_stackheap                 0x0800023d   Thumb Code     0  startup_stm32f103xb.o(.text)
    __aeabi_memcpy                           0x08000261   Thumb Code     0  rt_memcpy_v6.o(.text)
    __rt_memcpy                              0x08000261   Thumb Code   138  rt_memcpy_v6.o(.text)
    _memcpy_lastbytes                        0x080002c7   Thumb Code     0  rt_memcpy_v6.o(.text)
    __aeabi_memset                           0x080002eb   Thumb Code    16  aeabi_memset.o(.text)
    __aeabi_memclr4                          0x080002fb   Thumb Code     0  rt_memclr_w.o(.text)
    __aeabi_memclr8                          0x080002fb   Thumb Code     0  rt_memclr_w.o(.text)
    __rt_memclr_w                            0x080002fb   Thumb Code    78  rt_memclr_w.o(.text)
    _memset_w                                0x080002ff   Thumb Code     0  rt_memclr_w.o(.text)
    __use_two_region_memory                  0x08000349   Thumb Code     2  heapauxi.o(.text)
    __rt_heap_escrow$2region                 0x0800034b   Thumb Code     2  heapauxi.o(.text)
    __rt_heap_expand$2region                 0x0800034d   Thumb Code     2  heapauxi.o(.text)
    __aeabi_memcpy4                          0x0800034f   Thumb Code     0  rt_memcpy_w.o(.text)
    __aeabi_memcpy8                          0x0800034f   Thumb Code     0  rt_memcpy_w.o(.text)
    __rt_memcpy_w                            0x0800034f   Thumb Code   100  rt_memcpy_w.o(.text)
    _memcpy_lastbytes_aligned                0x08000397   Thumb Code     0  rt_memcpy_w.o(.text)
    __aeabi_memclr                           0x080003b3   Thumb Code     0  rt_memclr.o(.text)
    __rt_memclr                              0x080003b3   Thumb Code    68  rt_memclr.o(.text)
    _memset                                  0x080003b7   Thumb Code     0  rt_memclr.o(.text)
    __user_setup_stackheap                   0x080003f7   Thumb Code    74  sys_stackheap_outer.o(.text)
    exit                                     0x08000441   Thumb Code    18  exit.o(.text)
    __user_libspace                          0x08000455   Thumb Code     8  libspace.o(.text)
    __user_perproc_libspace                  0x08000455   Thumb Code     0  libspace.o(.text)
    __user_perthread_libspace                0x08000455   Thumb Code     0  libspace.o(.text)
    _sys_exit                                0x0800045d   Thumb Code     8  sys_exit.o(.text)
    __I$use$semihosting                      0x08000469   Thumb Code     0  use_no_semi.o(.text)
    __use_no_semihosting_swi                 0x08000469   Thumb Code     2  use_no_semi.o(.text)
    BluetoothTask_callback                   0x0800046b   Thumb Code    12  freertos.o(i.BluetoothTask_callback)
    __semihosting_library_function           0x0800046b   Thumb Code     0  indicate_semi.o(.text)
    BusFault_Handler                         0x08000477   Thumb Code     2  stm32f1xx_it.o(i.BusFault_Handler)
    ChassisTask_callback                     0x08000479   Thumb Code    12  freertos.o(i.ChassisTask_callback)
    DebugMon_Handler                         0x08000485   Thumb Code     2  stm32f1xx_it.o(i.DebugMon_Handler)
    Error_Handler                            0x08000487   Thumb Code     4  main.o(i.Error_Handler)
    GimbalTask_callback                      0x0800048b   Thumb Code    12  freertos.o(i.GimbalTask_callback)
    Global_init                              0x08000499   Thumb Code    30  control.o(i.Global_init)
    HAL_DMA_Abort                            0x080004c5   Thumb Code    70  stm32f1xx_hal_dma.o(i.HAL_DMA_Abort)
    HAL_DMA_Abort_IT                         0x0800050d   Thumb Code   148  stm32f1xx_hal_dma.o(i.HAL_DMA_Abort_IT)
    HAL_GPIO_Init                            0x080005a5   Thumb Code   446  stm32f1xx_hal_gpio.o(i.HAL_GPIO_Init)
    HAL_GPIO_WritePin                        0x08000785   Thumb Code    10  stm32f1xx_hal_gpio.o(i.HAL_GPIO_WritePin)
    HAL_GetTick                              0x08000791   Thumb Code     6  stm32f1xx_hal.o(i.HAL_GetTick)
    HAL_IncTick                              0x0800079d   Thumb Code    12  stm32f1xx_hal.o(i.HAL_IncTick)
    HAL_Init                                 0x080007ad   Thumb Code    32  stm32f1xx_hal.o(i.HAL_Init)
    HAL_InitTick                             0x080007d1   Thumb Code   118  stm32f1xx_hal_timebase_tim.o(i.HAL_InitTick)
    HAL_MspInit                              0x0800085d   Thumb Code    62  stm32f1xx_hal_msp.o(i.HAL_MspInit)
    HAL_NVIC_EnableIRQ                       0x080008a5   Thumb Code    26  stm32f1xx_hal_cortex.o(i.HAL_NVIC_EnableIRQ)
    HAL_NVIC_SetPriority                     0x080008c1   Thumb Code    60  stm32f1xx_hal_cortex.o(i.HAL_NVIC_SetPriority)
    HAL_NVIC_SetPriorityGrouping             0x08000901   Thumb Code    26  stm32f1xx_hal_cortex.o(i.HAL_NVIC_SetPriorityGrouping)
    HAL_RCC_ClockConfig                      0x08000925   Thumb Code   280  stm32f1xx_hal_rcc.o(i.HAL_RCC_ClockConfig)
    HAL_RCC_GetClockConfig                   0x08000a51   Thumb Code    54  stm32f1xx_hal_rcc.o(i.HAL_RCC_GetClockConfig)
    HAL_RCC_GetPCLK1Freq                     0x08000a91   Thumb Code    20  stm32f1xx_hal_rcc.o(i.HAL_RCC_GetPCLK1Freq)
    HAL_RCC_GetPCLK2Freq                     0x08000ab1   Thumb Code    20  stm32f1xx_hal_rcc.o(i.HAL_RCC_GetPCLK2Freq)
    HAL_RCC_GetSysClockFreq                  0x08000ad1   Thumb Code    58  stm32f1xx_hal_rcc.o(i.HAL_RCC_GetSysClockFreq)
    HAL_RCC_OscConfig                        0x08000b1d   Thumb Code   778  stm32f1xx_hal_rcc.o(i.HAL_RCC_OscConfig)
    HAL_TIMEx_BreakCallback                  0x08000e3d   Thumb Code     2  stm32f1xx_hal_tim_ex.o(i.HAL_TIMEx_BreakCallback)
    HAL_TIMEx_CommutCallback                 0x08000e3f   Thumb Code     2  stm32f1xx_hal_tim_ex.o(i.HAL_TIMEx_CommutCallback)
    HAL_TIMEx_MasterConfigSynchronization    0x08000e41   Thumb Code    92  stm32f1xx_hal_tim_ex.o(i.HAL_TIMEx_MasterConfigSynchronization)
    HAL_TIM_Base_Init                        0x08000ea9   Thumb Code    90  stm32f1xx_hal_tim.o(i.HAL_TIM_Base_Init)
    HAL_TIM_Base_MspInit                     0x08000f05   Thumb Code    52  tim.o(i.HAL_TIM_Base_MspInit)
    HAL_TIM_Base_Start_IT                    0x08000f41   Thumb Code    76  stm32f1xx_hal_tim.o(i.HAL_TIM_Base_Start_IT)
    HAL_TIM_ConfigClockSource                0x08000f99   Thumb Code   220  stm32f1xx_hal_tim.o(i.HAL_TIM_ConfigClockSource)
    HAL_TIM_IC_CaptureCallback               0x08001075   Thumb Code     2  stm32f1xx_hal_tim.o(i.HAL_TIM_IC_CaptureCallback)
    HAL_TIM_IRQHandler                       0x08001077   Thumb Code   358  stm32f1xx_hal_tim.o(i.HAL_TIM_IRQHandler)
    HAL_TIM_MspPostInit                      0x080011dd   Thumb Code   192  tim.o(i.HAL_TIM_MspPostInit)
    HAL_TIM_OC_DelayElapsedCallback          0x080012b1   Thumb Code     2  stm32f1xx_hal_tim.o(i.HAL_TIM_OC_DelayElapsedCallback)
    HAL_TIM_PWM_ConfigChannel                0x080012b3   Thumb Code   204  stm32f1xx_hal_tim.o(i.HAL_TIM_PWM_ConfigChannel)
    HAL_TIM_PWM_Init                         0x0800137f   Thumb Code    90  stm32f1xx_hal_tim.o(i.HAL_TIM_PWM_Init)
    HAL_TIM_PWM_MspInit                      0x080013d9   Thumb Code     2  stm32f1xx_hal_tim.o(i.HAL_TIM_PWM_MspInit)
    HAL_TIM_PWM_PulseFinishedCallback        0x080013db   Thumb Code     2  stm32f1xx_hal_tim.o(i.HAL_TIM_PWM_PulseFinishedCallback)
    HAL_TIM_PWM_Start                        0x080013dd   Thumb Code   144  stm32f1xx_hal_tim.o(i.HAL_TIM_PWM_Start)
    HAL_TIM_PeriodElapsedCallback            0x08001479   Thumb Code    14  main.o(i.HAL_TIM_PeriodElapsedCallback)
    HAL_TIM_TriggerCallback                  0x0800148d   Thumb Code     2  stm32f1xx_hal_tim.o(i.HAL_TIM_TriggerCallback)
    HAL_UARTEx_RxEventCallback               0x0800148f   Thumb Code     2  stm32f1xx_hal_uart.o(i.HAL_UARTEx_RxEventCallback)
    HAL_UART_ErrorCallback                   0x08001491   Thumb Code     2  stm32f1xx_hal_uart.o(i.HAL_UART_ErrorCallback)
    HAL_UART_IRQHandler                      0x08001495   Thumb Code   616  stm32f1xx_hal_uart.o(i.HAL_UART_IRQHandler)
    HAL_UART_Init                            0x08001701   Thumb Code   100  stm32f1xx_hal_uart.o(i.HAL_UART_Init)
    HAL_UART_MspInit                         0x08001765   Thumb Code   114  usart.o(i.HAL_UART_MspInit)
    HAL_UART_Receive_IT                      0x080017e5   Thumb Code    28  stm32f1xx_hal_uart.o(i.HAL_UART_Receive_IT)
    HAL_UART_RxCpltCallback                  0x08001801   Thumb Code    60  bluetooth.o(i.HAL_UART_RxCpltCallback)
    HAL_UART_TxCpltCallback                  0x08001849   Thumb Code     2  stm32f1xx_hal_uart.o(i.HAL_UART_TxCpltCallback)
    HardFault_Handler                        0x0800184b   Thumb Code     2  stm32f1xx_it.o(i.HardFault_Handler)
    MX_FREERTOS_Init                         0x0800184d   Thumb Code    46  freertos.o(i.MX_FREERTOS_Init)
    MX_GPIO_Init                             0x08001891   Thumb Code   132  gpio.o(i.MX_GPIO_Init)
    MX_TIM2_Init                             0x0800191d   Thumb Code   194  tim.o(i.MX_TIM2_Init)
    MX_TIM3_Init                             0x080019e5   Thumb Code   192  tim.o(i.MX_TIM3_Init)
    MX_USART2_UART_Init                      0x08001aad   Thumb Code    48  usart.o(i.MX_USART2_UART_Init)
    MemManage_Handler                        0x08001ae5   Thumb Code     2  stm32f1xx_it.o(i.MemManage_Handler)
    Motor_Init                               0x08001ae9   Thumb Code    38  motor.o(i.Motor_Init)
    Motor_SetSpeed                           0x08001b15   Thumb Code   168  motor.o(i.Motor_SetSpeed)
    NMI_Handler                              0x08001bc5   Thumb Code     2  stm32f1xx_it.o(i.NMI_Handler)
    ServoCtrl                                0x08001bc9   Thumb Code    70  servo.o(i.ServoCtrl)
    Servo_Init                               0x08001c21   Thumb Code    38  servo.o(i.Servo_Init)
    SysTick_Handler                          0x08001c4d   Thumb Code    38  port.o(i.SysTick_Handler)
    SystemClock_Config                       0x08001c79   Thumb Code    94  main.o(i.SystemClock_Config)
    SystemInit                               0x08001cd7   Thumb Code     2  system_stm32f1xx.o(i.SystemInit)
    TIM1_UP_IRQHandler                       0x08001cd9   Thumb Code     6  stm32f1xx_it.o(i.TIM1_UP_IRQHandler)
    TIM_Base_SetConfig                       0x08001ce5   Thumb Code    94  stm32f1xx_hal_tim.o(i.TIM_Base_SetConfig)
    TIM_CCxChannelCmd                        0x08001d51   Thumb Code    26  stm32f1xx_hal_tim.o(i.TIM_CCxChannelCmd)
    TIM_ETR_SetConfig                        0x08001d6b   Thumb Code    20  stm32f1xx_hal_tim.o(i.TIM_ETR_SetConfig)
    TIM_OC2_SetConfig                        0x08001de1   Thumb Code    84  stm32f1xx_hal_tim.o(i.TIM_OC2_SetConfig)
    UART_Start_Receive_IT                    0x080020f5   Thumb Code    54  stm32f1xx_hal_uart.o(i.UART_Start_Receive_IT)
    USART2_IRQHandler                        0x0800212d   Thumb Code     6  stm32f1xx_it.o(i.USART2_IRQHandler)
    UsageFault_Handler                       0x08002139   Thumb Code     2  stm32f1xx_it.o(i.UsageFault_Handler)
    chassis_move_init                        0x0800215d   Thumb Code    14  chassis_move.o(i.chassis_move_init)
    chassis_set_speed                        0x08002171   Thumb Code    64  chassis_move.o(i.chassis_set_speed)
    control_tack                             0x080021b5   Thumb Code    76  control.o(i.control_tack)
    main                                     0x08002209   Thumb Code    64  main.o(i.main)
    osDelay                                  0x08002251   Thumb Code    46  cmsis_os2.o(i.osDelay)
    osKernelInitialize                       0x08002285   Thumb Code    50  cmsis_os2.o(i.osKernelInitialize)
    osKernelStart                            0x080022bd   Thumb Code    58  cmsis_os2.o(i.osKernelStart)
    osThreadNew                              0x080022fd   Thumb Code   160  cmsis_os2.o(i.osThreadNew)
    pvPortMalloc                             0x08002ae5   Thumb Code   210  heap_4.o(i.pvPortMalloc)
    pxPortInitialiseStack                    0x08002bbd   Thumb Code    32  port.o(i.pxPortInitialiseStack)
    robot_arm_set                            0x08002be1   Thumb Code    68  robot_arm.o(i.robot_arm_set)
    uxListRemove                             0x08002c29   Thumb Code    38  list.o(i.uxListRemove)
    vApplicationGetIdleTaskMemory            0x08002c51   Thumb Code    16  cmsis_os2.o(i.vApplicationGetIdleTaskMemory)
    vApplicationGetTimerTaskMemory           0x08002c65   Thumb Code    18  cmsis_os2.o(i.vApplicationGetTimerTaskMemory)
    vListInitialise                          0x08002c7d   Thumb Code    22  list.o(i.vListInitialise)
    vListInitialiseItem                      0x08002c93   Thumb Code     6  list.o(i.vListInitialiseItem)
    vListInsert                              0x08002c99   Thumb Code    48  list.o(i.vListInsert)
    vListInsertEnd                           0x08002cc9   Thumb Code    24  list.o(i.vListInsertEnd)
    vPortEnterCritical                       0x08002ce1   Thumb Code    54  port.o(i.vPortEnterCritical)
    vPortExitCritical                        0x08002d21   Thumb Code    34  port.o(i.vPortExitCritical)
    vPortFree                                0x08002d49   Thumb Code    88  heap_4.o(i.vPortFree)
    vPortSetupTimerInterrupt                 0x08002da5   Thumb Code    32  port.o(i.vPortSetupTimerInterrupt)
    vPortValidateInterruptPriority           0x08002dc9   Thumb Code    74  port.o(i.vPortValidateInterruptPriority)
    vQueueAddToRegistry                      0x08002e1d   Thumb Code    34  queue.o(i.vQueueAddToRegistry)
    vQueueWaitForMessageRestricted           0x08002e45   Thumb Code    68  queue.o(i.vQueueWaitForMessageRestricted)
    vTaskDelay                               0x08002e89   Thumb Code    66  tasks.o(i.vTaskDelay)
    vTaskInternalSetTimeOutState             0x08002ed5   Thumb Code    12  tasks.o(i.vTaskInternalSetTimeOutState)
    vTaskMissedYield                         0x08002ee5   Thumb Code     8  tasks.o(i.vTaskMissedYield)
    vTaskPlaceOnEventList                    0x08002ef1   Thumb Code    44  tasks.o(i.vTaskPlaceOnEventList)
    vTaskPlaceOnEventListRestricted          0x08002f21   Thumb Code    52  tasks.o(i.vTaskPlaceOnEventListRestricted)
    vTaskStartScheduler                      0x08002f59   Thumb Code   118  tasks.o(i.vTaskStartScheduler)
    vTaskSuspendAll                          0x08002fe1   Thumb Code    10  tasks.o(i.vTaskSuspendAll)
    vTaskSwitchContext                       0x08002ff1   Thumb Code    90  tasks.o(i.vTaskSwitchContext)
    xPortStartScheduler                      0x08003055   Thumb Code   154  port.o(i.xPortStartScheduler)
    xQueueGenericCreateStatic                0x080030fd   Thumb Code   102  queue.o(i.xQueueGenericCreateStatic)
    xQueueGenericReset                       0x08003165   Thumb Code   132  queue.o(i.xQueueGenericReset)
    xQueueGenericSend                        0x080031ed   Thumb Code   346  queue.o(i.xQueueGenericSend)
    xQueueGenericSendFromISR                 0x0800334d   Thumb Code   188  queue.o(i.xQueueGenericSendFromISR)
    xQueueReceive                            0x08003409   Thumb Code   308  queue.o(i.xQueueReceive)
    xTaskCheckForTimeOut                     0x08003541   Thumb Code   112  tasks.o(i.xTaskCheckForTimeOut)
    xTaskCreate                              0x080035b5   Thumb Code    90  tasks.o(i.xTaskCreate)
    xTaskCreateStatic                        0x0800360f   Thumb Code    86  tasks.o(i.xTaskCreateStatic)
    xTaskGetSchedulerState                   0x08003665   Thumb Code    22  tasks.o(i.xTaskGetSchedulerState)
    xTaskGetTickCount                        0x08003681   Thumb Code     6  tasks.o(i.xTaskGetTickCount)
    xTaskIncrementTick                       0x0800368d   Thumb Code   190  tasks.o(i.xTaskIncrementTick)
    xTaskPriorityDisinherit                  0x08003755   Thumb Code   118  tasks.o(i.xTaskPriorityDisinherit)
    xTaskRemoveFromEventList                 0x080037d5   Thumb Code    98  tasks.o(i.xTaskRemoveFromEventList)
    xTaskResumeAll                           0x08003845   Thumb Code   182  tasks.o(i.xTaskResumeAll)
    xTimerCreateTimerTask                    0x08003909   Thumb Code    78  timers.o(i.xTimerCreateTimerTask)
    xTimerGenericCommand                     0x08003969   Thumb Code    98  timers.o(i.xTimerGenericCommand)
    __aeabi_fadd                             0x080039d1   Thumb Code     0  faddsub_clz.o(x$fpl$fadd)
    _fadd                                    0x080039d1   Thumb Code   196  faddsub_clz.o(x$fpl$fadd)
    __aeabi_fdiv                             0x08003a95   Thumb Code     0  fdiv.o(x$fpl$fdiv)
    _fdiv                                    0x08003a95   Thumb Code   384  fdiv.o(x$fpl$fdiv)
    __aeabi_f2iz                             0x08003c19   Thumb Code     0  ffix.o(x$fpl$ffix)
    _ffix                                    0x08003c19   Thumb Code    54  ffix.o(x$fpl$ffix)
    __aeabi_f2uiz                            0x08003c51   Thumb Code     0  ffixu.o(x$fpl$ffixu)
    _ffixu                                   0x08003c51   Thumb Code    62  ffixu.o(x$fpl$ffixu)
    __aeabi_i2f                              0x08003c91   Thumb Code     0  fflt_clz.o(x$fpl$fflt)
    _fflt                                    0x08003c91   Thumb Code    48  fflt_clz.o(x$fpl$fflt)
    __aeabi_ui2f                             0x08003cc1   Thumb Code     0  fflt_clz.o(x$fpl$ffltu)
    _ffltu                                   0x08003cc1   Thumb Code    38  fflt_clz.o(x$fpl$ffltu)
    __aeabi_fmul                             0x08003ce9   Thumb Code     0  fmul.o(x$fpl$fmul)
    _fmul                                    0x08003ce9   Thumb Code   258  fmul.o(x$fpl$fmul)
    __fpl_fnaninf                            0x08003deb   Thumb Code   140  fnaninf.o(x$fpl$fnaninf)
    __fpl_fretinf                            0x08003e77   Thumb Code    10  fretinf.o(x$fpl$fretinf)
    __aeabi_fsub                             0x08003e81   Thumb Code     0  faddsub_clz.o(x$fpl$fsub)
    _fsub                                    0x08003e81   Thumb Code   234  faddsub_clz.o(x$fpl$fsub)
    __I$use$fp                               0x08003f6a   Number         0  usenofp.o(x$fpl$usenofp)
    AHBPrescTable                            0x08003f7c   Data          16  system_stm32f1xx.o(.constdata)
    APBPrescTable                            0x08003f8c   Data           8  system_stm32f1xx.o(.constdata)
    ChassisTask_attributes                   0x08003f94   Data          36  freertos.o(.constdata)
    GimbalTask_attributes                    0x08003fb8   Data          36  freertos.o(.constdata)
    BluetoothTask_attributes                 0x08003fdc   Data          36  freertos.o(.constdata)
    Region$$Table$$Base                      0x08004028   Number         0  anon$$obj.o(Region$$Table)
    Region$$Table$$Limit                     0x08004048   Number         0  anon$$obj.o(Region$$Table)
    uwTickFreq                               0x20000000   Data           1  stm32f1xx_hal.o(.data)
    uwTickPrio                               0x20000004   Data           4  stm32f1xx_hal.o(.data)
    uwTick                                   0x20000008   Data           4  stm32f1xx_hal.o(.data)
    SystemCoreClock                          0x2000000c   Data           4  system_stm32f1xx.o(.data)
    ChassisTaskHandle                        0x20000010   Data           4  freertos.o(.data)
    GimbalTaskHandle                         0x20000014   Data           4  freertos.o(.data)
    BluetoothTaskHandle                      0x20000018   Data           4  freertos.o(.data)
    pxCurrentTCB                             0x2000001c   Data           4  tasks.o(.data)
    USART2_NewData                           0x20000094   Data           1  bluetooth.o(.data)
    USART2_RX_STA                            0x20000096   Data           2  bluetooth.o(.data)
    htim2                                    0x20000098   Data          72  tim.o(.bss)
    htim3                                    0x200000e0   Data          72  tim.o(.bss)
    huart2                                   0x20000128   Data          72  usart.o(.bss)
    htim1                                    0x20000170   Data          72  stm32f1xx_hal_timebase_tim.o(.bss)
    xQueueRegistry                           0x200001b8   Data          64  queue.o(.bss)
    USART2_RX_BUF                            0x20001a8c   Data         200  bluetooth.o(.bss)
    Global                                   0x20001b54   Data          56  global.o(.bss)
    __libspace_start                         0x20001b8c   Data          96  libspace.o(.bss)
    __temporary_stack_top$libspace           0x20001bec   Data           0  libspace.o(.bss)



==============================================================================

Memory Map of the image

  Image Entry point : 0x080000ed

  Load Region LR_IROM1 (Base: 0x08000000, Size: 0x000040e0, Max: 0x00010000, ABSOLUTE)

    Execution Region ER_IROM1 (Exec base: 0x08000000, Load base: 0x08000000, Size: 0x00004048, Max: 0x00010000, ABSOLUTE)

    Exec Addr    Load Addr    Size         Type   Attr      Idx    E Section Name        Object

    0x08000000   0x08000000   0x000000ec   Data   RO            3    RESET               startup_stm32f103xb.o
    0x080000ec   0x080000ec   0x00000008   Code   RO         4780  * !!!main             c_w.l(__main.o)
    0x080000f4   0x080000f4   0x00000034   Code   RO         4978    !!!scatter          c_w.l(__scatter.o)
    0x08000128   0x08000128   0x0000001a   Code   RO         4980    !!handler_copy      c_w.l(__scatter_copy.o)
    0x08000142   0x08000142   0x00000002   PAD
    0x08000144   0x08000144   0x0000001c   Code   RO         4982    !!handler_zi        c_w.l(__scatter_zi.o)
    0x08000160   0x08000160   0x00000002   Code   RO         4846    .ARM.Collect$$libinit$$00000000  c_w.l(libinit.o)
    0x08000162   0x08000162   0x00000000   Code   RO         4853    .ARM.Collect$$libinit$$00000002  c_w.l(libinit2.o)
    0x08000162   0x08000162   0x00000000   Code   RO         4855    .ARM.Collect$$libinit$$00000004  c_w.l(libinit2.o)
    0x08000162   0x08000162   0x00000000   Code   RO         4858    .ARM.Collect$$libinit$$0000000A  c_w.l(libinit2.o)
    0x08000162   0x08000162   0x00000000   Code   RO         4860    .ARM.Collect$$libinit$$0000000C  c_w.l(libinit2.o)
    0x08000162   0x08000162   0x00000000   Code   RO         4862    .ARM.Collect$$libinit$$0000000E  c_w.l(libinit2.o)
    0x08000162   0x08000162   0x00000000   Code   RO         4865    .ARM.Collect$$libinit$$00000011  c_w.l(libinit2.o)
    0x08000162   0x08000162   0x00000000   Code   RO         4867    .ARM.Collect$$libinit$$00000013  c_w.l(libinit2.o)
    0x08000162   0x08000162   0x00000000   Code   RO         4869    .ARM.Collect$$libinit$$00000015  c_w.l(libinit2.o)
    0x08000162   0x08000162   0x00000000   Code   RO         4871    .ARM.Collect$$libinit$$00000017  c_w.l(libinit2.o)
    0x08000162   0x08000162   0x00000000   Code   RO         4873    .ARM.Collect$$libinit$$00000019  c_w.l(libinit2.o)
    0x08000162   0x08000162   0x00000000   Code   RO         4875    .ARM.Collect$$libinit$$0000001B  c_w.l(libinit2.o)
    0x08000162   0x08000162   0x00000000   Code   RO         4877    .ARM.Collect$$libinit$$0000001D  c_w.l(libinit2.o)
    0x08000162   0x08000162   0x00000000   Code   RO         4879    .ARM.Collect$$libinit$$0000001F  c_w.l(libinit2.o)
    0x08000162   0x08000162   0x00000000   Code   RO         4881    .ARM.Collect$$libinit$$00000021  c_w.l(libinit2.o)
    0x08000162   0x08000162   0x00000000   Code   RO         4883    .ARM.Collect$$libinit$$00000023  c_w.l(libinit2.o)
    0x08000162   0x08000162   0x00000000   Code   RO         4885    .ARM.Collect$$libinit$$00000025  c_w.l(libinit2.o)
    0x08000162   0x08000162   0x00000000   Code   RO         4889    .ARM.Collect$$libinit$$0000002C  c_w.l(libinit2.o)
    0x08000162   0x08000162   0x00000000   Code   RO         4891    .ARM.Collect$$libinit$$0000002E  c_w.l(libinit2.o)
    0x08000162   0x08000162   0x00000000   Code   RO         4893    .ARM.Collect$$libinit$$00000030  c_w.l(libinit2.o)
    0x08000162   0x08000162   0x00000000   Code   RO         4895    .ARM.Collect$$libinit$$00000032  c_w.l(libinit2.o)
    0x08000162   0x08000162   0x00000002   Code   RO         4896    .ARM.Collect$$libinit$$00000033  c_w.l(libinit2.o)
    0x08000164   0x08000164   0x00000002   Code   RO         4916    .ARM.Collect$$libshutdown$$00000000  c_w.l(libshutdown.o)
    0x08000166   0x08000166   0x00000000   Code   RO         4929    .ARM.Collect$$libshutdown$$00000002  c_w.l(libshutdown2.o)
    0x08000166   0x08000166   0x00000000   Code   RO         4931    .ARM.Collect$$libshutdown$$00000004  c_w.l(libshutdown2.o)
    0x08000166   0x08000166   0x00000000   Code   RO         4933    .ARM.Collect$$libshutdown$$00000006  c_w.l(libshutdown2.o)
    0x08000166   0x08000166   0x00000000   Code   RO         4936    .ARM.Collect$$libshutdown$$00000009  c_w.l(libshutdown2.o)
    0x08000166   0x08000166   0x00000000   Code   RO         4939    .ARM.Collect$$libshutdown$$0000000C  c_w.l(libshutdown2.o)
    0x08000166   0x08000166   0x00000000   Code   RO         4941    .ARM.Collect$$libshutdown$$0000000E  c_w.l(libshutdown2.o)
    0x08000166   0x08000166   0x00000000   Code   RO         4944    .ARM.Collect$$libshutdown$$00000011  c_w.l(libshutdown2.o)
    0x08000166   0x08000166   0x00000002   Code   RO         4945    .ARM.Collect$$libshutdown$$00000012  c_w.l(libshutdown2.o)
    0x08000168   0x08000168   0x00000000   Code   RO         4810    .ARM.Collect$$rtentry$$00000000  c_w.l(__rtentry.o)
    0x08000168   0x08000168   0x00000000   Code   RO         4823    .ARM.Collect$$rtentry$$00000002  c_w.l(__rtentry2.o)
    0x08000168   0x08000168   0x00000006   Code   RO         4835    .ARM.Collect$$rtentry$$00000004  c_w.l(__rtentry4.o)
    0x0800016e   0x0800016e   0x00000000   Code   RO         4825    .ARM.Collect$$rtentry$$00000009  c_w.l(__rtentry2.o)
    0x0800016e   0x0800016e   0x00000004   Code   RO         4826    .ARM.Collect$$rtentry$$0000000A  c_w.l(__rtentry2.o)
    0x08000172   0x08000172   0x00000000   Code   RO         4828    .ARM.Collect$$rtentry$$0000000C  c_w.l(__rtentry2.o)
    0x08000172   0x08000172   0x00000008   Code   RO         4829    .ARM.Collect$$rtentry$$0000000D  c_w.l(__rtentry2.o)
    0x0800017a   0x0800017a   0x00000002   Code   RO         4850    .ARM.Collect$$rtexit$$00000000  c_w.l(rtexit.o)
    0x0800017c   0x0800017c   0x00000000   Code   RO         4898    .ARM.Collect$$rtexit$$00000002  c_w.l(rtexit2.o)
    0x0800017c   0x0800017c   0x00000004   Code   RO         4899    .ARM.Collect$$rtexit$$00000003  c_w.l(rtexit2.o)
    0x08000180   0x08000180   0x00000006   Code   RO         4900    .ARM.Collect$$rtexit$$00000004  c_w.l(rtexit2.o)
    0x08000186   0x08000186   0x00000002   PAD
    0x08000188   0x08000188   0x00000096   Code   RO         4454    .emb_text           port.o
    0x0800021e   0x0800021e   0x00000002   PAD
    0x08000220   0x08000220   0x00000040   Code   RO            4    .text               startup_stm32f103xb.o
    0x08000260   0x08000260   0x0000008a   Code   RO         4770    .text               c_w.l(rt_memcpy_v6.o)
    0x080002ea   0x080002ea   0x00000010   Code   RO         4774    .text               c_w.l(aeabi_memset.o)
    0x080002fa   0x080002fa   0x0000004e   Code   RO         4776    .text               c_w.l(rt_memclr_w.o)
    0x08000348   0x08000348   0x00000006   Code   RO         4778    .text               c_w.l(heapauxi.o)
    0x0800034e   0x0800034e   0x00000064   Code   RO         4811    .text               c_w.l(rt_memcpy_w.o)
    0x080003b2   0x080003b2   0x00000044   Code   RO         4813    .text               c_w.l(rt_memclr.o)
    0x080003f6   0x080003f6   0x0000004a   Code   RO         4837    .text               c_w.l(sys_stackheap_outer.o)
    0x08000440   0x08000440   0x00000012   Code   RO         4839    .text               c_w.l(exit.o)
    0x08000452   0x08000452   0x00000002   PAD
    0x08000454   0x08000454   0x00000008   Code   RO         4847    .text               c_w.l(libspace.o)
    0x0800045c   0x0800045c   0x0000000c   Code   RO         4908    .text               c_w.l(sys_exit.o)
    0x08000468   0x08000468   0x00000002   Code   RO         4919    .text               c_w.l(use_no_semi.o)
    0x0800046a   0x0800046a   0x00000000   Code   RO         4921    .text               c_w.l(indicate_semi.o)
    0x0800046a   0x0800046a   0x0000000c   Code   RO         2619    i.BluetoothTask_callback  freertos.o
    0x08000476   0x08000476   0x00000002   Code   RO         2782    i.BusFault_Handler  stm32f1xx_it.o
    0x08000478   0x08000478   0x0000000c   Code   RO         2620    i.ChassisTask_callback  freertos.o
    0x08000484   0x08000484   0x00000002   Code   RO         2783    i.DebugMon_Handler  stm32f1xx_it.o
    0x08000486   0x08000486   0x00000004   Code   RO         2485    i.Error_Handler     main.o
    0x0800048a   0x0800048a   0x0000000c   Code   RO         2621    i.GimbalTask_callback  freertos.o
    0x08000496   0x08000496   0x00000002   PAD
    0x08000498   0x08000498   0x0000002c   Code   RO         4680    i.Global_init       control.o
    0x080004c4   0x080004c4   0x00000046   Code   RO          515    i.HAL_DMA_Abort     stm32f1xx_hal_dma.o
    0x0800050a   0x0800050a   0x00000002   PAD
    0x0800050c   0x0800050c   0x00000098   Code   RO          516    i.HAL_DMA_Abort_IT  stm32f1xx_hal_dma.o
    0x080005a4   0x080005a4   0x000001e0   Code   RO          451    i.HAL_GPIO_Init     stm32f1xx_hal_gpio.o
    0x08000784   0x08000784   0x0000000a   Code   RO          455    i.HAL_GPIO_WritePin  stm32f1xx_hal_gpio.o
    0x0800078e   0x0800078e   0x00000002   PAD
    0x08000790   0x08000790   0x0000000c   Code   RO          145    i.HAL_GetTick       stm32f1xx_hal.o
    0x0800079c   0x0800079c   0x00000010   Code   RO          151    i.HAL_IncTick       stm32f1xx_hal.o
    0x080007ac   0x080007ac   0x00000024   Code   RO          152    i.HAL_Init          stm32f1xx_hal.o
    0x080007d0   0x080007d0   0x0000008c   Code   RO         2876    i.HAL_InitTick      stm32f1xx_hal_timebase_tim.o
    0x0800085c   0x0800085c   0x00000048   Code   RO         2852    i.HAL_MspInit       stm32f1xx_hal_msp.o
    0x080008a4   0x080008a4   0x0000001a   Code   RO          611    i.HAL_NVIC_EnableIRQ  stm32f1xx_hal_cortex.o
    0x080008be   0x080008be   0x00000002   PAD
    0x080008c0   0x080008c0   0x00000040   Code   RO          617    i.HAL_NVIC_SetPriority  stm32f1xx_hal_cortex.o
    0x08000900   0x08000900   0x00000024   Code   RO          618    i.HAL_NVIC_SetPriorityGrouping  stm32f1xx_hal_cortex.o
    0x08000924   0x08000924   0x0000012c   Code   RO          309    i.HAL_RCC_ClockConfig  stm32f1xx_hal_rcc.o
    0x08000a50   0x08000a50   0x00000040   Code   RO          313    i.HAL_RCC_GetClockConfig  stm32f1xx_hal_rcc.o
    0x08000a90   0x08000a90   0x00000020   Code   RO          316    i.HAL_RCC_GetPCLK1Freq  stm32f1xx_hal_rcc.o
    0x08000ab0   0x08000ab0   0x00000020   Code   RO          317    i.HAL_RCC_GetPCLK2Freq  stm32f1xx_hal_rcc.o
    0x08000ad0   0x08000ad0   0x0000004c   Code   RO          318    i.HAL_RCC_GetSysClockFreq  stm32f1xx_hal_rcc.o
    0x08000b1c   0x08000b1c   0x00000320   Code   RO          321    i.HAL_RCC_OscConfig  stm32f1xx_hal_rcc.o
    0x08000e3c   0x08000e3c   0x00000002   Code   RO         1817    i.HAL_TIMEx_BreakCallback  stm32f1xx_hal_tim_ex.o
    0x08000e3e   0x08000e3e   0x00000002   Code   RO         1818    i.HAL_TIMEx_CommutCallback  stm32f1xx_hal_tim_ex.o
    0x08000e40   0x08000e40   0x00000068   Code   RO         1836    i.HAL_TIMEx_MasterConfigSynchronization  stm32f1xx_hal_tim_ex.o
    0x08000ea8   0x08000ea8   0x0000005a   Code   RO         1113    i.HAL_TIM_Base_Init  stm32f1xx_hal_tim.o
    0x08000f02   0x08000f02   0x00000002   PAD
    0x08000f04   0x08000f04   0x0000003c   Code   RO         2687    i.HAL_TIM_Base_MspInit  tim.o
    0x08000f40   0x08000f40   0x00000058   Code   RO         1118    i.HAL_TIM_Base_Start_IT  stm32f1xx_hal_tim.o
    0x08000f98   0x08000f98   0x000000dc   Code   RO         1122    i.HAL_TIM_ConfigClockSource  stm32f1xx_hal_tim.o
    0x08001074   0x08001074   0x00000002   Code   RO         1147    i.HAL_TIM_IC_CaptureCallback  stm32f1xx_hal_tim.o
    0x08001076   0x08001076   0x00000166   Code   RO         1161    i.HAL_TIM_IRQHandler  stm32f1xx_hal_tim.o
    0x080011dc   0x080011dc   0x000000d4   Code   RO         2688    i.HAL_TIM_MspPostInit  tim.o
    0x080012b0   0x080012b0   0x00000002   Code   RO         1164    i.HAL_TIM_OC_DelayElapsedCallback  stm32f1xx_hal_tim.o
    0x080012b2   0x080012b2   0x000000cc   Code   RO         1185    i.HAL_TIM_PWM_ConfigChannel  stm32f1xx_hal_tim.o
    0x0800137e   0x0800137e   0x0000005a   Code   RO         1188    i.HAL_TIM_PWM_Init  stm32f1xx_hal_tim.o
    0x080013d8   0x080013d8   0x00000002   Code   RO         1190    i.HAL_TIM_PWM_MspInit  stm32f1xx_hal_tim.o
    0x080013da   0x080013da   0x00000002   Code   RO         1191    i.HAL_TIM_PWM_PulseFinishedCallback  stm32f1xx_hal_tim.o
    0x080013dc   0x080013dc   0x0000009c   Code   RO         1193    i.HAL_TIM_PWM_Start  stm32f1xx_hal_tim.o
    0x08001478   0x08001478   0x00000014   Code   RO         2486    i.HAL_TIM_PeriodElapsedCallback  main.o
    0x0800148c   0x0800148c   0x00000002   Code   RO         1204    i.HAL_TIM_TriggerCallback  stm32f1xx_hal_tim.o
    0x0800148e   0x0800148e   0x00000002   Code   RO         2096    i.HAL_UARTEx_RxEventCallback  stm32f1xx_hal_uart.o
    0x08001490   0x08001490   0x00000002   Code   RO         2110    i.HAL_UART_ErrorCallback  stm32f1xx_hal_uart.o
    0x08001492   0x08001492   0x00000002   PAD
    0x08001494   0x08001494   0x0000026c   Code   RO         2113    i.HAL_UART_IRQHandler  stm32f1xx_hal_uart.o
    0x08001700   0x08001700   0x00000064   Code   RO         2114    i.HAL_UART_Init     stm32f1xx_hal_uart.o
    0x08001764   0x08001764   0x00000080   Code   RO         2741    i.HAL_UART_MspInit  usart.o
    0x080017e4   0x080017e4   0x0000001c   Code   RO         2119    i.HAL_UART_Receive_IT  stm32f1xx_hal_uart.o
    0x08001800   0x08001800   0x00000048   Code   RO         4606    i.HAL_UART_RxCpltCallback  bluetooth.o
    0x08001848   0x08001848   0x00000002   Code   RO         2125    i.HAL_UART_TxCpltCallback  stm32f1xx_hal_uart.o
    0x0800184a   0x0800184a   0x00000002   Code   RO         2784    i.HardFault_Handler  stm32f1xx_it.o
    0x0800184c   0x0800184c   0x00000044   Code   RO         2622    i.MX_FREERTOS_Init  freertos.o
    0x08001890   0x08001890   0x0000008c   Code   RO         2591    i.MX_GPIO_Init      gpio.o
    0x0800191c   0x0800191c   0x000000c8   Code   RO         2689    i.MX_TIM2_Init      tim.o
    0x080019e4   0x080019e4   0x000000c8   Code   RO         2690    i.MX_TIM3_Init      tim.o
    0x08001aac   0x08001aac   0x00000038   Code   RO         2742    i.MX_USART2_UART_Init  usart.o
    0x08001ae4   0x08001ae4   0x00000002   Code   RO         2785    i.MemManage_Handler  stm32f1xx_it.o
    0x08001ae6   0x08001ae6   0x00000002   PAD
    0x08001ae8   0x08001ae8   0x0000002c   Code   RO         4573    i.Motor_Init        motor.o
    0x08001b14   0x08001b14   0x000000b0   Code   RO         4574    i.Motor_SetSpeed    motor.o
    0x08001bc4   0x08001bc4   0x00000002   Code   RO         2786    i.NMI_Handler       stm32f1xx_it.o
    0x08001bc6   0x08001bc6   0x00000002   PAD
    0x08001bc8   0x08001bc8   0x00000058   Code   RO         4534    i.ServoCtrl         servo.o
    0x08001c20   0x08001c20   0x0000002c   Code   RO         4536    i.Servo_Init        servo.o
    0x08001c4c   0x08001c4c   0x0000002c   Code   RO         4455    i.SysTick_Handler   port.o
    0x08001c78   0x08001c78   0x0000005e   Code   RO         2487    i.SystemClock_Config  main.o
    0x08001cd6   0x08001cd6   0x00000002   Code   RO         2448    i.SystemInit        system_stm32f1xx.o
    0x08001cd8   0x08001cd8   0x0000000c   Code   RO         2787    i.TIM1_UP_IRQHandler  stm32f1xx_it.o
    0x08001ce4   0x08001ce4   0x0000006c   Code   RO         1206    i.TIM_Base_SetConfig  stm32f1xx_hal_tim.o
    0x08001d50   0x08001d50   0x0000001a   Code   RO         1207    i.TIM_CCxChannelCmd  stm32f1xx_hal_tim.o
    0x08001d6a   0x08001d6a   0x00000014   Code   RO         1217    i.TIM_ETR_SetConfig  stm32f1xx_hal_tim.o
    0x08001d7e   0x08001d7e   0x00000010   Code   RO         1218    i.TIM_ITRx_SetConfig  stm32f1xx_hal_tim.o
    0x08001d8e   0x08001d8e   0x00000002   PAD
    0x08001d90   0x08001d90   0x00000050   Code   RO         1219    i.TIM_OC1_SetConfig  stm32f1xx_hal_tim.o
    0x08001de0   0x08001de0   0x00000058   Code   RO         1220    i.TIM_OC2_SetConfig  stm32f1xx_hal_tim.o
    0x08001e38   0x08001e38   0x00000058   Code   RO         1221    i.TIM_OC3_SetConfig  stm32f1xx_hal_tim.o
    0x08001e90   0x08001e90   0x00000044   Code   RO         1222    i.TIM_OC4_SetConfig  stm32f1xx_hal_tim.o
    0x08001ed4   0x08001ed4   0x00000022   Code   RO         1224    i.TIM_TI1_ConfigInputStage  stm32f1xx_hal_tim.o
    0x08001ef6   0x08001ef6   0x00000024   Code   RO         1226    i.TIM_TI2_ConfigInputStage  stm32f1xx_hal_tim.o
    0x08001f1a   0x08001f1a   0x00000010   Code   RO         2127    i.UART_DMAAbortOnError  stm32f1xx_hal_uart.o
    0x08001f2a   0x08001f2a   0x0000004e   Code   RO         2137    i.UART_EndRxTransfer  stm32f1xx_hal_uart.o
    0x08001f78   0x08001f78   0x000000c2   Code   RO         2139    i.UART_Receive_IT   stm32f1xx_hal_uart.o
    0x0800203a   0x0800203a   0x00000002   PAD
    0x0800203c   0x0800203c   0x000000b8   Code   RO         2140    i.UART_SetConfig    stm32f1xx_hal_uart.o
    0x080020f4   0x080020f4   0x00000036   Code   RO         2142    i.UART_Start_Receive_IT  stm32f1xx_hal_uart.o
    0x0800212a   0x0800212a   0x00000002   PAD
    0x0800212c   0x0800212c   0x0000000c   Code   RO         2788    i.USART2_IRQHandler  stm32f1xx_it.o
    0x08002138   0x08002138   0x00000002   Code   RO         2789    i.UsageFault_Handler  stm32f1xx_it.o
    0x0800213a   0x0800213a   0x00000020   Code   RO          624    i.__NVIC_SetPriority  stm32f1xx_hal_cortex.o
    0x0800215a   0x0800215a   0x00000002   PAD
    0x0800215c   0x0800215c   0x00000014   Code   RO         4638    i.chassis_move_init  chassis_move.o
    0x08002170   0x08002170   0x00000044   Code   RO         4639    i.chassis_set_speed  chassis_move.o
    0x080021b4   0x080021b4   0x00000054   Code   RO         4681    i.control_tack      control.o
    0x08002208   0x08002208   0x00000048   Code   RO         2488    i.main              main.o
    0x08002250   0x08002250   0x00000034   Code   RO         3984    i.osDelay           cmsis_os2.o
    0x08002284   0x08002284   0x00000038   Code   RO         3998    i.osKernelInitialize  cmsis_os2.o
    0x080022bc   0x080022bc   0x00000040   Code   RO         4001    i.osKernelStart     cmsis_os2.o
    0x080022fc   0x080022fc   0x000000a4   Code   RO         4035    i.osThreadNew       cmsis_os2.o
    0x080023a0   0x080023a0   0x0000005c   Code   RO         3480    i.prvAddCurrentTaskToDelayedList  tasks.o
    0x080023fc   0x080023fc   0x000000d0   Code   RO         3481    i.prvAddNewTaskToReadyList  tasks.o
    0x080024cc   0x080024cc   0x00000058   Code   RO         3830    i.prvCheckForValidListAndQueue  timers.o
    0x08002524   0x08002524   0x00000026   Code   RO         3083    i.prvCopyDataFromQueue  queue.o
    0x0800254a   0x0800254a   0x0000006c   Code   RO         3084    i.prvCopyDataToQueue  queue.o
    0x080025b6   0x080025b6   0x00000034   Code   RO         3482    i.prvDeleteTCB      tasks.o
    0x080025ea   0x080025ea   0x00000002   PAD
    0x080025ec   0x080025ec   0x0000004c   Code   RO         4405    i.prvHeapInit       heap_4.o
    0x08002638   0x08002638   0x00000060   Code   RO         3483    i.prvIdleTask       tasks.o
    0x08002698   0x08002698   0x00000022   Code   RO         3086    i.prvInitialiseNewQueue  queue.o
    0x080026ba   0x080026ba   0x0000009c   Code   RO         3484    i.prvInitialiseNewTask  tasks.o
    0x08002756   0x08002756   0x00000002   PAD
    0x08002758   0x08002758   0x0000004c   Code   RO         4406    i.prvInsertBlockIntoFreeList  heap_4.o
    0x080027a4   0x080027a4   0x00000038   Code   RO         3832    i.prvInsertTimerInActiveList  timers.o
    0x080027dc   0x080027dc   0x0000001c   Code   RO         3087    i.prvIsQueueEmpty   queue.o
    0x080027f8   0x080027f8   0x000000cc   Code   RO         3833    i.prvProcessReceivedCommands  timers.o
    0x080028c4   0x080028c4   0x000000b4   Code   RO         3834    i.prvProcessTimerOrBlockTask  timers.o
    0x08002978   0x08002978   0x00000020   Code   RO         3486    i.prvResetNextTaskUnblockTime  tasks.o
    0x08002998   0x08002998   0x00000028   Code   RO         3835    i.prvSampleTimeNow  timers.o
    0x080029c0   0x080029c0   0x0000006c   Code   RO         3836    i.prvSwitchTimerLists  timers.o
    0x08002a2c   0x08002a2c   0x00000028   Code   RO         4456    i.prvTaskExitError  port.o
    0x08002a54   0x08002a54   0x00000024   Code   RO         3837    i.prvTimerTask      timers.o
    0x08002a78   0x08002a78   0x0000006a   Code   RO         3088    i.prvUnlockQueue    queue.o
    0x08002ae2   0x08002ae2   0x00000002   PAD
    0x08002ae4   0x08002ae4   0x000000d8   Code   RO         4407    i.pvPortMalloc      heap_4.o
    0x08002bbc   0x08002bbc   0x00000024   Code   RO         4457    i.pxPortInitialiseStack  port.o
    0x08002be0   0x08002be0   0x00000048   Code   RO         4737    i.robot_arm_set     robot_arm.o
    0x08002c28   0x08002c28   0x00000026   Code   RO         3043    i.uxListRemove      list.o
    0x08002c4e   0x08002c4e   0x00000002   PAD
    0x08002c50   0x08002c50   0x00000014   Code   RO         4047    i.vApplicationGetIdleTaskMemory  cmsis_os2.o
    0x08002c64   0x08002c64   0x00000018   Code   RO         4048    i.vApplicationGetTimerTaskMemory  cmsis_os2.o
    0x08002c7c   0x08002c7c   0x00000016   Code   RO         3044    i.vListInitialise   list.o
    0x08002c92   0x08002c92   0x00000006   Code   RO         3045    i.vListInitialiseItem  list.o
    0x08002c98   0x08002c98   0x00000030   Code   RO         3046    i.vListInsert       list.o
    0x08002cc8   0x08002cc8   0x00000018   Code   RO         3047    i.vListInsertEnd    list.o
    0x08002ce0   0x08002ce0   0x00000040   Code   RO         4459    i.vPortEnterCritical  port.o
    0x08002d20   0x08002d20   0x00000028   Code   RO         4460    i.vPortExitCritical  port.o
    0x08002d48   0x08002d48   0x0000005c   Code   RO         4408    i.vPortFree         heap_4.o
    0x08002da4   0x08002da4   0x00000024   Code   RO         4461    i.vPortSetupTimerInterrupt  port.o
    0x08002dc8   0x08002dc8   0x00000054   Code   RO         4462    i.vPortValidateInterruptPriority  port.o
    0x08002e1c   0x08002e1c   0x00000028   Code   RO         3094    i.vQueueAddToRegistry  queue.o
    0x08002e44   0x08002e44   0x00000044   Code   RO         3098    i.vQueueWaitForMessageRestricted  queue.o
    0x08002e88   0x08002e88   0x0000004c   Code   RO         3498    i.vTaskDelay        tasks.o
    0x08002ed4   0x08002ed4   0x00000010   Code   RO         3503    i.vTaskInternalSetTimeOutState  tasks.o
    0x08002ee4   0x08002ee4   0x0000000c   Code   RO         3504    i.vTaskMissedYield  tasks.o
    0x08002ef0   0x08002ef0   0x00000030   Code   RO         3506    i.vTaskPlaceOnEventList  tasks.o
    0x08002f20   0x08002f20   0x00000038   Code   RO         3507    i.vTaskPlaceOnEventListRestricted  tasks.o
    0x08002f58   0x08002f58   0x00000088   Code   RO         3515    i.vTaskStartScheduler  tasks.o
    0x08002fe0   0x08002fe0   0x00000010   Code   RO         3517    i.vTaskSuspendAll   tasks.o
    0x08002ff0   0x08002ff0   0x00000064   Code   RO         3518    i.vTaskSwitchContext  tasks.o
    0x08003054   0x08003054   0x000000a8   Code   RO         4463    i.xPortStartScheduler  port.o
    0x080030fc   0x080030fc   0x00000066   Code   RO         3104    i.xQueueGenericCreateStatic  queue.o
    0x08003162   0x08003162   0x00000002   PAD
    0x08003164   0x08003164   0x00000088   Code   RO         3105    i.xQueueGenericReset  queue.o
    0x080031ec   0x080031ec   0x00000160   Code   RO         3106    i.xQueueGenericSend  queue.o
    0x0800334c   0x0800334c   0x000000bc   Code   RO         3107    i.xQueueGenericSendFromISR  queue.o
    0x08003408   0x08003408   0x00000138   Code   RO         3116    i.xQueueReceive     queue.o
    0x08003540   0x08003540   0x00000074   Code   RO         3519    i.xTaskCheckForTimeOut  tasks.o
    0x080035b4   0x080035b4   0x0000005a   Code   RO         3520    i.xTaskCreate       tasks.o
    0x0800360e   0x0800360e   0x00000056   Code   RO         3521    i.xTaskCreateStatic  tasks.o
    0x08003664   0x08003664   0x0000001c   Code   RO         3525    i.xTaskGetSchedulerState  tasks.o
    0x08003680   0x08003680   0x0000000c   Code   RO         3526    i.xTaskGetTickCount  tasks.o
    0x0800368c   0x0800368c   0x000000c8   Code   RO         3528    i.xTaskIncrementTick  tasks.o
    0x08003754   0x08003754   0x00000080   Code   RO         3531    i.xTaskPriorityDisinherit  tasks.o
    0x080037d4   0x080037d4   0x00000070   Code   RO         3533    i.xTaskRemoveFromEventList  tasks.o
    0x08003844   0x08003844   0x000000c4   Code   RO         3534    i.xTaskResumeAll    tasks.o
    0x08003908   0x08003908   0x00000060   Code   RO         3844    i.xTimerCreateTimerTask  timers.o
    0x08003968   0x08003968   0x00000068   Code   RO         3845    i.xTimerGenericCommand  timers.o
    0x080039d0   0x080039d0   0x000000c4   Code   RO         4782    x$fpl$fadd          fz_ws.l(faddsub_clz.o)
    0x08003a94   0x08003a94   0x00000184   Code   RO         4789    x$fpl$fdiv          fz_ws.l(fdiv.o)
    0x08003c18   0x08003c18   0x00000036   Code   RO         4792    x$fpl$ffix          fz_ws.l(ffix.o)
    0x08003c4e   0x08003c4e   0x00000002   PAD
    0x08003c50   0x08003c50   0x0000003e   Code   RO         4796    x$fpl$ffixu         fz_ws.l(ffixu.o)
    0x08003c8e   0x08003c8e   0x00000002   PAD
    0x08003c90   0x08003c90   0x00000030   Code   RO         4801    x$fpl$fflt          fz_ws.l(fflt_clz.o)
    0x08003cc0   0x08003cc0   0x00000026   Code   RO         4800    x$fpl$ffltu         fz_ws.l(fflt_clz.o)
    0x08003ce6   0x08003ce6   0x00000002   PAD
    0x08003ce8   0x08003ce8   0x00000102   Code   RO         4808    x$fpl$fmul          fz_ws.l(fmul.o)
    0x08003dea   0x08003dea   0x0000008c   Code   RO         4817    x$fpl$fnaninf       fz_ws.l(fnaninf.o)
    0x08003e76   0x08003e76   0x0000000a   Code   RO         4819    x$fpl$fretinf       fz_ws.l(fretinf.o)
    0x08003e80   0x08003e80   0x000000ea   Code   RO         4784    x$fpl$fsub          fz_ws.l(faddsub_clz.o)
    0x08003f6a   0x08003f6a   0x00000000   Code   RO         4821    x$fpl$usenofp       fz_ws.l(usenofp.o)
    0x08003f6a   0x08003f6a   0x00000012   Data   RO          322    .constdata          stm32f1xx_hal_rcc.o
    0x08003f7c   0x08003f7c   0x00000010   Data   RO         2449    .constdata          system_stm32f1xx.o
    0x08003f8c   0x08003f8c   0x00000008   Data   RO         2450    .constdata          system_stm32f1xx.o
    0x08003f94   0x08003f94   0x0000006c   Data   RO         2623    .constdata          freertos.o
    0x08004000   0x08004000   0x00000028   Data   RO         2624    .conststring        freertos.o
    0x08004028   0x08004028   0x00000020   Data   RO         4976    Region$$Table       anon$$obj.o


    Execution Region RW_IRAM1 (Exec base: 0x20000000, Load base: 0x08004048, Size: 0x000021f0, Max: 0x00005000, ABSOLUTE)

    Exec Addr    Load Addr    Size         Type   Attr      Idx    E Section Name        Object

    0x20000000   0x08004048   0x0000000c   Data   RW          159    .data               stm32f1xx_hal.o
    0x2000000c   0x08004054   0x00000004   Data   RW         2451    .data               system_stm32f1xx.o
    0x20000010   0x08004058   0x0000000c   Data   RW         2625    .data               freertos.o
    0x2000001c   0x08004064   0x0000003c   Data   RW         3537    .data               tasks.o
    0x20000058   0x080040a0   0x00000014   Data   RW         3853    .data               timers.o
    0x2000006c   0x080040b4   0x00000004   Data   RW         4050    .data               cmsis_os2.o
    0x20000070   0x080040b8   0x00000018   Data   RW         4413    .data               heap_4.o
    0x20000088   0x080040d0   0x0000000c   Data   RW         4464    .data               port.o
    0x20000094   0x080040dc   0x00000004   Data   RW         4608    .data               bluetooth.o
    0x20000098        -       0x00000090   Zero   RW         2691    .bss                tim.o
    0x20000128        -       0x00000048   Zero   RW         2743    .bss                usart.o
    0x20000170        -       0x00000048   Zero   RW         2879    .bss                stm32f1xx_hal_timebase_tim.o
    0x200001b8        -       0x00000040   Zero   RW         3120    .bss                queue.o
    0x200001f8        -       0x000004c4   Zero   RW         3536    .bss                tasks.o
    0x200006bc        -       0x00000118   Zero   RW         3852    .bss                timers.o
    0x200007d4        -       0x000006b8   Zero   RW         4049    .bss                cmsis_os2.o
    0x20000e8c        -       0x00000c00   Zero   RW         4412    .bss                heap_4.o
    0x20001a8c        -       0x000000c8   Zero   RW         4607    .bss                bluetooth.o
    0x20001b54        -       0x00000038   Zero   RW         4721    .bss                global.o
    0x20001b8c        -       0x00000060   Zero   RW         4848    .bss                c_w.l(libspace.o)
    0x20001bec   0x080040e0   0x00000004   PAD
    0x20001bf0        -       0x00000200   Zero   RW            2    HEAP                startup_stm32f103xb.o
    0x20001df0        -       0x00000400   Zero   RW            1    STACK               startup_stm32f103xb.o


==============================================================================

Image component sizes


      Code (inc. data)   RO Data    RW Data    ZI Data      Debug   Object Name

        72         12          0          4        200       1163   bluetooth.o
        88         10          0          0          0        900   chassis_move.o
       380         32          0          4       1720      14102   cmsis_os2.o
       128         22          0          0          0        877   control.o
         0          0          0          0          0      20064   event_groups.o
       104         22        148         12          0       5452   freertos.o
         0          0          0          0         56        769   global.o
       140          8          0          0          0        911   gpio.o
       460         24          0         24       3072       4531   heap_4.o
       138          0          0          0          0       3258   list.o
       190         14          0          0          0      10540   main.o
       220         14          0          0          0       1142   motor.o
       662         70          0         12          0      10525   port.o
      1512         20          0          0         64      16536   queue.o
        72          4          0          0          0        476   robot_arm.o
       132         24          0          0          0       1037   servo.o
        64         26        236          0       1536        788   startup_stm32f103xb.o
        64         14          0         12          0       4502   stm32f1xx_hal.o
       158         14          0          0          0      28074   stm32f1xx_hal_cortex.o
       222          4          0          0          0       1699   stm32f1xx_hal_dma.o
       490         34          0          0          0       2820   stm32f1xx_hal_gpio.o
         0          0          0          0          0     425388   stm32f1xx_hal_gpio_ex.o
        72         10          0          0          0        826   stm32f1xx_hal_msp.o
      1304         94         18          0          0       5573   stm32f1xx_hal_rcc.o
      1780         58          0          0          0      15470   stm32f1xx_hal_tim.o
       108         12          0          0          0       2309   stm32f1xx_hal_tim_ex.o
       140         22          0          0         72       1355   stm32f1xx_hal_timebase_tim.o
      1280         10          0          0          0       8568   stm32f1xx_hal_uart.o
        36         12          0          0          0       3278   stm32f1xx_it.o
         0          0          0          0          0       8876   stream_buffer.o
         2          0         24          4          0       1047   system_stm32f1xx.o
      2064        170          0         60       1220      22644   tasks.o
       672         42          0          0        144       3189   tim.o
       912         82          0         20        280      25639   timers.o
       184         22          0          0         72       1590   usart.o

    ----------------------------------------------------------------------
     13886        902        458        152       8436     655918   Object Totals
         0          0         32          0          0          0   (incl. Generated)
        36          0          0          0          0          0   (incl. Padding)

    ----------------------------------------------------------------------

      Code (inc. data)   RO Data    RW Data    ZI Data      Debug   Library Member Name

         8          0          0          0          0         68   __main.o
         0          0          0          0          0          0   __rtentry.o
        12          0          0          0          0          0   __rtentry2.o
         6          0          0          0          0          0   __rtentry4.o
        52          8          0          0          0          0   __scatter.o
        26          0          0          0          0          0   __scatter_copy.o
        28          0          0          0          0          0   __scatter_zi.o
        16          0          0          0          0         68   aeabi_memset.o
        18          0          0          0          0         80   exit.o
         6          0          0          0          0        152   heapauxi.o
         0          0          0          0          0          0   indicate_semi.o
         2          0          0          0          0          0   libinit.o
         2          0          0          0          0          0   libinit2.o
         2          0          0          0          0          0   libshutdown.o
         2          0          0          0          0          0   libshutdown2.o
         8          4          0          0         96         68   libspace.o
        68          0          0          0          0         68   rt_memclr.o
        78          0          0          0          0         80   rt_memclr_w.o
       138          0          0          0          0         68   rt_memcpy_v6.o
       100          0          0          0          0         80   rt_memcpy_w.o
         2          0          0          0          0          0   rtexit.o
        10          0          0          0          0          0   rtexit2.o
        12          4          0          0          0         68   sys_exit.o
        74          0          0          0          0         80   sys_stackheap_outer.o
         2          0          0          0          0         68   use_no_semi.o
       430          8          0          0          0        168   faddsub_clz.o
       388         76          0          0          0         96   fdiv.o
        54          4          0          0          0         84   ffix.o
        62          4          0          0          0         84   ffixu.o
        86          0          0          0          0        136   fflt_clz.o
       258          4          0          0          0         84   fmul.o
       140          4          0          0          0         84   fnaninf.o
        10          0          0          0          0         68   fretinf.o
         0          0          0          0          0          0   usenofp.o

    ----------------------------------------------------------------------
      2112        116          0          0        100       1752   Library Totals
        12          0          0          0          4          0   (incl. Padding)

    ----------------------------------------------------------------------

      Code (inc. data)   RO Data    RW Data    ZI Data      Debug   Library Name

       672         16          0          0         96        948   c_w.l
      1428        100          0          0          0        804   fz_ws.l

    ----------------------------------------------------------------------
      2112        116          0          0        100       1752   Library Totals

    ----------------------------------------------------------------------

==============================================================================


      Code (inc. data)   RO Data    RW Data    ZI Data      Debug   

     15998       1018        458        152       8536     648826   Grand Totals
     15998       1018        458        152       8536     648826   ELF Image Totals
     15998       1018        458        152          0          0   ROM Totals

==============================================================================

    Total RO  Size (Code + RO Data)                16456 (  16.07kB)
    Total RW  Size (RW Data + ZI Data)              8688 (   8.48kB)
    Total ROM Size (Code + RO Data + RW Data)      16608 (  16.22kB)

==============================================================================

